103.132.57.54 - - [31/May/2021:19:46:31 +0000] "GET /static/style.css HTTP/1.1" 304 178 "http://141.136.47.43:5000/" "Mozilla/5.0 (Linux; Android 10; SM-J600GF) AppleWebKit/537.36 (KHTML, like Gecko) Chrome/90.0.4430.82 Mobile Safari/537.36"
103.132.57.54 - - [31/May/2021:19:46:31 +0000] "GET /static/main.js HTTP/1.1" 304 179 "http://141.136.47.43:5000/" "Mozilla/5.0 (Linux; Android 10; SM-J600GF) AppleWebKit/537.36 (KHTML, like Gecko) Chrome/90.0.4430.82 Mobile Safari/537.36"
103.226.226.225 - - [31/May/2021:19:46:31 +0000] "GET /static//images/devdoot-logo.png HTTP/1.1" 304 178 "http://141.136.47.43:5000/" "Mozilla/5.0 (Linux; Android 10; Redmi Note 7 Pro) AppleWebKit/537.36 (KHTML, like Gecko) Chrome/90.0.4430.210 Mobile Safari/537.36"
103.132.57.54 - - [31/May/2021:19:46:31 +0000] "GET /static//images/devdoot-logo.png HTTP/1.1" 304 178 "http://141.136.47.43:5000/" "Mozilla/5.0 (Linux; Android 10; SM-J600GF) AppleWebKit/537.36 (KHTML, like Gecko) Chrome/90.0.4430.82 Mobile Safari/537.36"
103.132.57.54 - - [31/May/2021:19:46:31 +0000] "GET /static//images/volunteer.jpg HTTP/1.1" 304 179 "http://141.136.47.43:5000/" "Mozilla/5.0 (Linux; Android 10; SM-J600GF) AppleWebKit/537.36 (KHTML, like Gecko) Chrome/90.0.4430.82 Mobile Safari/537.36"
103.132.57.54 - - [31/May/2021:19:46:31 +0000] "GET /static//images/NH.jpg HTTP/1.1" 304 179 "http://141.136.47.43:5000/" "Mozilla/5.0 (Linux; Android 10; SM-J600GF) AppleWebKit/537.36 (KHTML, like Gecko) Chrome/90.0.4430.82 Mobile Safari/537.36"
103.132.57.54 - - [31/May/2021:19:46:31 +0000] "GET /static//images/work2.jpeg HTTP/1.1" 304 178 "http://141.136.47.43:5000/" "Mozilla/5.0 (Linux; Android 10; SM-J600GF) AppleWebKit/537.36 (KHTML, like Gecko) Chrome/90.0.4430.82 Mobile Safari/537.36"
103.132.57.54 - - [31/May/2021:19:46:31 +0000] "GET /static//images/work1.jpeg HTTP/1.1" 304 179 "http://141.136.47.43:5000/" "Mozilla/5.0 (Linux; Android 10; SM-J600GF) AppleWebKit/537.36 (KHTML, like Gecko) Chrome/90.0.4430.82 Mobile Safari/537.36"
103.132.57.54 - - [31/May/2021:19:46:31 +0000] "GET /static//images/work3.jpeg HTTP/1.1" 304 179 "http://141.136.47.43:5000/" "Mozilla/5.0 (Linux; Android 10; SM-J600GF) AppleWebKit/537.36 (KHTML, like Gecko) Chrome/90.0.4430.82 Mobile Safari/537.36"
103.226.226.225 - - [31/May/2021:19:46:31 +0000] "GET /static//images/devdoot-logo.png HTTP/1.1" 304 178 "http://141.136.47.43:5000/" "Mozilla/5.0 (Linux; Android 10; Redmi Note 7 Pro) AppleWebKit/537.36 (KHTML, like Gecko) Chrome/90.0.4430.210 Mobile Safari/537.36"
103.132.57.54 - - [31/May/2021:19:46:33 +0000] "GET /static//images/devdoot-logo.png HTTP/1.1" 200 27483 "http://141.136.47.43:5000/" "Mozilla/5.0 (Linux; Android 10; SM-J600GF) AppleWebKit/537.36 (KHTML, like Gecko) Chrome/90.0.4430.82 Mobile Safari/537.36"
103.132.57.54 - - [31/May/2021:19:46:33 +0000] "GET /static//images/devdoot-logo.png HTTP/1.1" 304 178 "http://141.136.47.43:5000/" "Mozilla/5.0 (Linux; Android 10; SM-J600GF) AppleWebKit/537.36 (KHTML, like Gecko) Chrome/90.0.4430.82 Mobile Safari/537.36"
103.132.57.54 - - [31/May/2021:19:46:57 +0000] "GET /add_blog HTTP/1.1" 200 2212 "http://141.136.47.43:5000/" "Mozilla/5.0 (X11; Linux x86_64) AppleWebKit/537.36 (KHTML, like Gecko) Chrome/90.0.4430.212 Safari/537.36"
103.132.57.54 - - [31/May/2021:19:46:58 +0000] "GET /static/signup-login.css HTTP/1.1" 304 178 "http://141.136.47.43:5000/add_blog" "Mozilla/5.0 (X11; Linux x86_64) AppleWebKit/537.36 (KHTML, like Gecko) Chrome/90.0.4430.212 Safari/537.36"
103.132.57.54 - - [31/May/2021:19:46:58 +0000] "GET /static/main.js HTTP/1.1" 304 179 "http://141.136.47.43:5000/add_blog" "Mozilla/5.0 (X11; Linux x86_64) AppleWebKit/537.36 (KHTML, like Gecko) Chrome/90.0.4430.212 Safari/537.36"
157.41.148.12 - - [31/May/2021:19:48:05 +0000] "-" 408 0 "-" "-"
157.41.148.12 - - [31/May/2021:19:48:05 +0000] "-" 408 0 "-" "-"
157.41.148.12 - - [31/May/2021:19:48:17 +0000] "GET / HTTP/1.1" 200 4474 "http://141.136.47.43:5000/blogs" "Mozilla/5.0 (Linux; Android 11; KB2001) AppleWebKit/537.36 (KHTML, like Gecko) Chrome/89.0.4389.72 Mobile Safari/537.36"
157.41.148.12 - - [31/May/2021:19:48:17 +0000] "GET /static/main.js HTTP/1.1" 304 179 "http://141.136.47.43:5000/" "Mozilla/5.0 (Linux; Android 11; KB2001) AppleWebKit/537.36 (KHTML, like Gecko) Chrome/89.0.4389.72 Mobile Safari/537.36"
157.41.148.12 - - [31/May/2021:19:48:17 +0000] "GET /static/style.css HTTP/1.1" 304 178 "http://141.136.47.43:5000/" "Mozilla/5.0 (Linux; Android 11; KB2001) AppleWebKit/537.36 (KHTML, like Gecko) Chrome/89.0.4389.72 Mobile Safari/537.36"
157.41.148.12 - - [31/May/2021:19:48:18 +0000] "GET /static//images/devdoot-logo.png HTTP/1.1" 304 178 "http://141.136.47.43:5000/" "Mozilla/5.0 (Linux; Android 11; KB2001) AppleWebKit/537.36 (KHTML, like Gecko) Chrome/89.0.4389.72 Mobile Safari/537.36"
157.41.148.12 - - [31/May/2021:19:48:18 +0000] "GET /static//images/NH.jpg HTTP/1.1" 304 178 "http://141.136.47.43:5000/" "Mozilla/5.0 (Linux; Android 11; KB2001) AppleWebKit/537.36 (KHTML, like Gecko) Chrome/89.0.4389.72 Mobile Safari/537.36"
157.41.148.12 - - [31/May/2021:19:48:18 +0000] "GET /static//images/volunteer.jpg HTTP/1.1" 304 178 "http://141.136.47.43:5000/" "Mozilla/5.0 (Linux; Android 11; KB2001) AppleWebKit/537.36 (KHTML, like Gecko) Chrome/89.0.4389.72 Mobile Safari/537.36"
157.41.148.12 - - [31/May/2021:19:48:18 +0000] "GET /static//images/work2.jpeg HTTP/1.1" 304 178 "http://141.136.47.43:5000/" "Mozilla/5.0 (Linux; Android 11; KB2001) AppleWebKit/537.36 (KHTML, like Gecko) Chrome/89.0.4389.72 Mobile Safari/537.36"
157.41.148.12 - - [31/May/2021:19:48:18 +0000] "GET /static//images/work1.jpeg HTTP/1.1" 304 178 "http://141.136.47.43:5000/" "Mozilla/5.0 (Linux; Android 11; KB2001) AppleWebKit/537.36 (KHTML, like Gecko) Chrome/89.0.4389.72 Mobile Safari/537.36"
103.226.226.225 - - [31/May/2021:19:48:27 +0000] "GET /logout HTTP/1.1" 302 621 "http://141.136.47.43:5000/" "Mozilla/5.0 (Linux; Android 10; Redmi Note 7 Pro) AppleWebKit/537.36 (KHTML, like Gecko) Chrome/90.0.4430.210 Mobile Safari/537.36"
103.226.226.225 - - [31/May/2021:19:48:27 +0000] "GET / HTTP/1.1" 200 4590 "http://141.136.47.43:5000/" "Mozilla/5.0 (Linux; Android 10; Redmi Note 7 Pro) AppleWebKit/537.36 (KHTML, like Gecko) Chrome/90.0.4430.210 Mobile Safari/537.36"
157.41.148.12 - - [31/May/2021:19:48:28 +0000] "GET / HTTP/1.1" 200 4474 "http://141.136.47.43:5000/" "Mozilla/5.0 (Linux; Android 11; KB2001) AppleWebKit/537.36 (KHTML, like Gecko) Chrome/89.0.4389.72 Mobile Safari/537.36"
157.41.148.12 - - [31/May/2021:19:48:28 +0000] "GET /static/style.css HTTP/1.1" 304 178 "http://141.136.47.43:5000/" "Mozilla/5.0 (Linux; Android 11; KB2001) AppleWebKit/537.36 (KHTML, like Gecko) Chrome/89.0.4389.72 Mobile Safari/537.36"
157.41.148.12 - - [31/May/2021:19:48:28 +0000] "GET /static/main.js HTTP/1.1" 304 179 "http://141.136.47.43:5000/" "Mozilla/5.0 (Linux; Android 11; KB2001) AppleWebKit/537.36 (KHTML, like Gecko) Chrome/89.0.4389.72 Mobile Safari/537.36"
103.226.226.225 - - [31/May/2021:19:48:28 +0000] "GET /static//images/devdoot-logo.png HTTP/1.1" 304 179 "http://141.136.47.43:5000/" "Mozilla/5.0 (Linux; Android 10; Redmi Note 7 Pro) AppleWebKit/537.36 (KHTML, like Gecko) Chrome/90.0.4430.210 Mobile Safari/537.36"
103.226.226.225 - - [31/May/2021:19:48:28 +0000] "GET /static/style.css HTTP/1.1" 304 178 "http://141.136.47.43:5000/" "Mozilla/5.0 (Linux; Android 10; Redmi Note 7 Pro) AppleWebKit/537.36 (KHTML, like Gecko) Chrome/90.0.4430.210 Mobile Safari/537.36"
157.41.148.12 - - [31/May/2021:19:48:28 +0000] "GET /static//images/NH.jpg HTTP/1.1" 304 178 "http://141.136.47.43:5000/" "Mozilla/5.0 (Linux; Android 11; KB2001) AppleWebKit/537.36 (KHTML, like Gecko) Chrome/89.0.4389.72 Mobile Safari/537.36"
157.41.148.12 - - [31/May/2021:19:48:28 +0000] "GET /static//images/devdoot-logo.png HTTP/1.1" 304 178 "http://141.136.47.43:5000/" "Mozilla/5.0 (Linux; Android 11; KB2001) AppleWebKit/537.36 (KHTML, like Gecko) Chrome/89.0.4389.72 Mobile Safari/537.36"
157.41.148.12 - - [31/May/2021:19:48:28 +0000] "GET /static//images/volunteer.jpg HTTP/1.1" 304 179 "http://141.136.47.43:5000/" "Mozilla/5.0 (Linux; Android 11; KB2001) AppleWebKit/537.36 (KHTML, like Gecko) Chrome/89.0.4389.72 Mobile Safari/537.36"
103.226.226.225 - - [31/May/2021:19:48:28 +0000] "GET /static/main.js HTTP/1.1" 304 179 "http://141.136.47.43:5000/" "Mozilla/5.0 (Linux; Android 10; Redmi Note 7 Pro) AppleWebKit/537.36 (KHTML, like Gecko) Chrome/90.0.4430.210 Mobile Safari/537.36"
103.226.226.225 - - [31/May/2021:19:48:28 +0000] "GET /static//images/NH.jpg HTTP/1.1" 304 178 "http://141.136.47.43:5000/" "Mozilla/5.0 (Linux; Android 10; Redmi Note 7 Pro) AppleWebKit/537.36 (KHTML, like Gecko) Chrome/90.0.4430.210 Mobile Safari/537.36"
103.226.226.225 - - [31/May/2021:19:48:28 +0000] "GET /static//images/work1.jpeg HTTP/1.1" 304 179 "http://141.136.47.43:5000/" "Mozilla/5.0 (Linux; Android 10; Redmi Note 7 Pro) AppleWebKit/537.36 (KHTML, like Gecko) Chrome/90.0.4430.210 Mobile Safari/537.36"
103.226.226.225 - - [31/May/2021:19:48:28 +0000] "GET /static//images/volunteer.jpg HTTP/1.1" 304 178 "http://141.136.47.43:5000/" "Mozilla/5.0 (Linux; Android 10; Redmi Note 7 Pro) AppleWebKit/537.36 (KHTML, like Gecko) Chrome/90.0.4430.210 Mobile Safari/537.36"
103.226.226.225 - - [31/May/2021:19:48:28 +0000] "GET /static//images/work2.jpeg HTTP/1.1" 304 179 "http://141.136.47.43:5000/" "Mozilla/5.0 (Linux; Android 10; Redmi Note 7 Pro) AppleWebKit/537.36 (KHTML, like Gecko) Chrome/90.0.4430.210 Mobile Safari/537.36"
103.226.226.225 - - [31/May/2021:19:48:28 +0000] "GET /static//images/work3.jpeg HTTP/1.1" 304 179 "http://141.136.47.43:5000/" "Mozilla/5.0 (Linux; Android 10; Redmi Note 7 Pro) AppleWebKit/537.36 (KHTML, like Gecko) Chrome/90.0.4430.210 Mobile Safari/537.36"
157.41.148.12 - - [31/May/2021:19:48:30 +0000] "GET /static//images/work1.jpeg HTTP/1.1" 304 178 "http://141.136.47.43:5000/" "Mozilla/5.0 (Linux; Android 11; KB2001) AppleWebKit/537.36 (KHTML, like Gecko) Chrome/89.0.4389.72 Mobile Safari/537.36"
157.41.148.12 - - [31/May/2021:19:48:30 +0000] "GET /static//images/work2.jpeg HTTP/1.1" 304 178 "http://141.136.47.43:5000/" "Mozilla/5.0 (Linux; Android 11; KB2001) AppleWebKit/537.36 (KHTML, like Gecko) Chrome/89.0.4389.72 Mobile Safari/537.36"
103.226.226.225 - - [31/May/2021:19:48:30 +0000] "GET /static//images/devdoot-logo.png HTTP/1.1" 304 178 "http://141.136.47.43:5000/" "Mozilla/5.0 (Linux; Android 10; Redmi Note 7 Pro) AppleWebKit/537.36 (KHTML, like Gecko) Chrome/90.0.4430.210 Mobile Safari/537.36"
103.226.226.225 - - [31/May/2021:19:48:30 +0000] "GET /static//images/devdoot-logo.png HTTP/1.1" 304 178 "http://141.136.47.43:5000/" "Mozilla/5.0 (Linux; Android 10; Redmi Note 7 Pro) AppleWebKit/537.36 (KHTML, like Gecko) Chrome/90.0.4430.210 Mobile Safari/537.36"
103.226.226.225 - - [31/May/2021:19:48:34 +0000] "GET /login HTTP/1.1" 200 2406 "http://141.136.47.43:5000/" "Mozilla/5.0 (Linux; Android 10; Redmi Note 7 Pro) AppleWebKit/537.36 (KHTML, like Gecko) Chrome/90.0.4430.210 Mobile Safari/537.36"
103.226.226.225 - - [31/May/2021:19:48:35 +0000] "GET /static/signup-login.css HTTP/1.1" 200 2143 "http://141.136.47.43:5000/login" "Mozilla/5.0 (Linux; Android 10; Redmi Note 7 Pro) AppleWebKit/537.36 (KHTML, like Gecko) Chrome/90.0.4430.210 Mobile Safari/537.36"
103.226.226.225 - - [31/May/2021:19:48:35 +0000] "GET /static/main.js HTTP/1.1" 304 179 "http://141.136.47.43:5000/login" "Mozilla/5.0 (Linux; Android 10; Redmi Note 7 Pro) AppleWebKit/537.36 (KHTML, like Gecko) Chrome/90.0.4430.210 Mobile Safari/537.36"
103.226.226.225 - - [31/May/2021:19:48:35 +0000] "GET /static//images/devdoot-logo.png HTTP/1.1" 304 178 "http://141.136.47.43:5000/login" "Mozilla/5.0 (Linux; Android 10; Redmi Note 7 Pro) AppleWebKit/537.36 (KHTML, like Gecko) Chrome/90.0.4430.210 Mobile Safari/537.36"
103.226.226.225 - - [31/May/2021:19:48:36 +0000] "GET /static//images/devdoot-logo.png HTTP/1.1" 304 178 "http://141.136.47.43:5000/login" "Mozilla/5.0 (Linux; Android 10; Redmi Note 7 Pro) AppleWebKit/537.36 (KHTML, like Gecko) Chrome/90.0.4430.210 Mobile Safari/537.36"
157.41.148.12 - - [31/May/2021:19:48:42 +0000] "GET /signup HTTP/1.1" 200 2611 "http://141.136.47.43:5000/" "Mozilla/5.0 (Linux; Android 11; KB2001) AppleWebKit/537.36 (KHTML, like Gecko) Chrome/89.0.4389.72 Mobile Safari/537.36"
157.41.148.12 - - [31/May/2021:19:48:42 +0000] "GET /static/signup-login.css HTTP/1.1" 304 178 "http://141.136.47.43:5000/signup" "Mozilla/5.0 (Linux; Android 11; KB2001) AppleWebKit/537.36 (KHTML, like Gecko) Chrome/89.0.4389.72 Mobile Safari/537.36"
157.41.148.12 - - [31/May/2021:19:48:42 +0000] "GET /static/main.js HTTP/1.1" 304 179 "http://141.136.47.43:5000/signup" "Mozilla/5.0 (Linux; Android 11; KB2001) AppleWebKit/537.36 (KHTML, like Gecko) Chrome/89.0.4389.72 Mobile Safari/537.36"
103.132.57.54 - - [31/May/2021:19:49:22 +0000] "POST /add_blog HTTP/1.1" 302 775 "http://141.136.47.43:5000/add_blog" "Mozilla/5.0 (X11; Linux x86_64) AppleWebKit/537.36 (KHTML, like Gecko) Chrome/90.0.4430.212 Safari/537.36"
103.132.57.54 - - [31/May/2021:19:49:23 +0000] "GET /blogs HTTP/1.1" 200 6557 "http://141.136.47.43:5000/add_blog" "Mozilla/5.0 (X11; Linux x86_64) AppleWebKit/537.36 (KHTML, like Gecko) Chrome/90.0.4430.212 Safari/537.36"
103.132.57.54 - - [31/May/2021:19:49:24 +0000] "GET /static/style.css HTTP/1.1" 304 178 "http://141.136.47.43:5000/blogs" "Mozilla/5.0 (X11; Linux x86_64) AppleWebKit/537.36 (KHTML, like Gecko) Chrome/90.0.4430.212 Safari/537.36"
103.132.57.54 - - [31/May/2021:19:49:24 +0000] "GET /static/main.js HTTP/1.1" 304 179 "http://141.136.47.43:5000/blogs" "Mozilla/5.0 (X11; Linux x86_64) AppleWebKit/537.36 (KHTML, like Gecko) Chrome/90.0.4430.212 Safari/537.36"
103.132.57.54 - - [31/May/2021:19:49:24 +0000] "GET /static//images/devdoot-logo.png HTTP/1.1" 304 178 "http://141.136.47.43:5000/blogs" "Mozilla/5.0 (X11; Linux x86_64) AppleWebKit/537.36 (KHTML, like Gecko) Chrome/90.0.4430.212 Safari/537.36"
103.132.57.54 - - [31/May/2021:19:50:16 +0000] "-" 408 0 "-" "-"
103.132.57.54 - - [31/May/2021:19:50:52 +0000] "GET /blogs HTTP/1.1" 200 6290 "http://141.136.47.43:5000/add_blog" "Mozilla/5.0 (X11; Linux x86_64) AppleWebKit/537.36 (KHTML, like Gecko) Chrome/90.0.4430.212 Safari/537.36"
103.132.57.54 - - [31/May/2021:19:50:53 +0000] "GET /static/main.js HTTP/1.1" 304 179 "http://141.136.47.43:5000/blogs" "Mozilla/5.0 (X11; Linux x86_64) AppleWebKit/537.36 (KHTML, like Gecko) Chrome/90.0.4430.212 Safari/537.36"
103.132.57.54 - - [31/May/2021:19:50:53 +0000] "GET /static/style.css HTTP/1.1" 304 178 "http://141.136.47.43:5000/blogs" "Mozilla/5.0 (X11; Linux x86_64) AppleWebKit/537.36 (KHTML, like Gecko) Chrome/90.0.4430.212 Safari/537.36"
103.132.57.54 - - [31/May/2021:19:50:53 +0000] "GET /static//images/devdoot-logo.png HTTP/1.1" 304 179 "http://141.136.47.43:5000/blogs" "Mozilla/5.0 (X11; Linux x86_64) AppleWebKit/537.36 (KHTML, like Gecko) Chrome/90.0.4430.212 Safari/537.36"
106.66.19.136 - - [31/May/2021:19:50:54 +0000] "GET /volunteer_list HTTP/1.1" 200 4016 "http://141.136.47.43:5000/" "Mozilla/5.0 (Linux; Android 10; RMX2050) AppleWebKit/537.36 (KHTML, like Gecko) Chrome/87.0.4280.101 Mobile Safari/537.36"
103.132.57.54 - - [31/May/2021:19:50:54 +0000] "GET /static//images/devdoot-logo.png HTTP/1.1" 200 27483 "http://141.136.47.43:5000/blogs" "Mozilla/5.0 (X11; Linux x86_64) AppleWebKit/537.36 (KHTML, like Gecko) Chrome/90.0.4430.212 Safari/537.36"
106.66.19.136 - - [31/May/2021:19:50:54 +0000] "GET /static/style.css HTTP/1.1" 304 178 "http://141.136.47.43:5000/volunteer_list" "Mozilla/5.0 (Linux; Android 10; RMX2050) AppleWebKit/537.36 (KHTML, like Gecko) Chrome/87.0.4280.101 Mobile Safari/537.36"
106.66.19.136 - - [31/May/2021:19:50:54 +0000] "GET /static/main.js HTTP/1.1" 304 179 "http://141.136.47.43:5000/volunteer_list" "Mozilla/5.0 (Linux; Android 10; RMX2050) AppleWebKit/537.36 (KHTML, like Gecko) Chrome/87.0.4280.101 Mobile Safari/537.36"
106.66.19.136 - - [31/May/2021:19:50:54 +0000] "GET /static//images/devdoot-logo.png HTTP/1.1" 304 178 "http://141.136.47.43:5000/volunteer_list" "Mozilla/5.0 (Linux; Android 10; RMX2050) AppleWebKit/537.36 (KHTML, like Gecko) Chrome/87.0.4280.101 Mobile Safari/537.36"
106.66.19.136 - - [31/May/2021:19:51:17 +0000] "GET /login HTTP/1.1" 200 2407 "http://141.136.47.43:5000/volunteer_list" "Mozilla/5.0 (Linux; Android 10; RMX2050) AppleWebKit/537.36 (KHTML, like Gecko) Chrome/87.0.4280.101 Mobile Safari/537.36"
106.66.19.136 - - [31/May/2021:19:51:18 +0000] "GET /static/signup-login.css HTTP/1.1" 304 178 "http://141.136.47.43:5000/login" "Mozilla/5.0 (Linux; Android 10; RMX2050) AppleWebKit/537.36 (KHTML, like Gecko) Chrome/87.0.4280.101 Mobile Safari/537.36"
106.66.19.136 - - [31/May/2021:19:51:18 +0000] "GET /static/main.js HTTP/1.1" 304 179 "http://141.136.47.43:5000/login" "Mozilla/5.0 (Linux; Android 10; RMX2050) AppleWebKit/537.36 (KHTML, like Gecko) Chrome/87.0.4280.101 Mobile Safari/537.36"
106.66.19.136 - - [31/May/2021:19:51:22 +0000] "GET /static//images/work3.jpeg HTTP/1.1" 200 66832 "http://141.136.47.43:5000/" "Mozilla/5.0 (Linux; Android 10; RMX2050) AppleWebKit/537.36 (KHTML, like Gecko) Chrome/87.0.4280.101 Mobile Safari/537.36"
106.66.19.136 - - [31/May/2021:19:51:27 +0000] "GET /privacy HTTP/1.1" 200 4328 "http://141.136.47.43:5000/" "Mozilla/5.0 (Linux; Android 10; RMX2050) AppleWebKit/537.36 (KHTML, like Gecko) Chrome/87.0.4280.101 Mobile Safari/537.36"
106.66.19.136 - - [31/May/2021:19:51:28 +0000] "GET /favicon.ico HTTP/1.1" 404 443 "http://141.136.47.43:5000/privacy" "Mozilla/5.0 (Linux; Android 10; RMX2050) AppleWebKit/537.36 (KHTML, like Gecko) Chrome/87.0.4280.101 Mobile Safari/537.36"
103.226.226.225 - - [31/May/2021:19:51:55 +0000] "GET / HTTP/1.1" 200 4474 "-" "Mozilla/5.0 (Linux; Android 10; Redmi Note 7 Pro) AppleWebKit/537.36 (KHTML, like Gecko) Chrome/90.0.4430.210 Mobile Safari/537.36"
103.226.226.225 - - [31/May/2021:19:51:56 +0000] "GET /static/style.css HTTP/1.1" 200 4356 "http://141.136.47.43:5000/" "Mozilla/5.0 (Linux; Android 10; Redmi Note 7 Pro) AppleWebKit/537.36 (KHTML, like Gecko) Chrome/90.0.4430.210 Mobile Safari/537.36"
103.226.226.225 - - [31/May/2021:19:51:56 +0000] "GET /static/main.js HTTP/1.1" 200 714 "http://141.136.47.43:5000/" "Mozilla/5.0 (Linux; Android 10; Redmi Note 7 Pro) AppleWebKit/537.36 (KHTML, like Gecko) Chrome/90.0.4430.210 Mobile Safari/537.36"
103.226.226.225 - - [31/May/2021:19:51:56 +0000] "GET /static//images/devdoot-logo.png HTTP/1.1" 200 27483 "http://141.136.47.43:5000/" "Mozilla/5.0 (Linux; Android 10; Redmi Note 7 Pro) AppleWebKit/537.36 (KHTML, like Gecko) Chrome/90.0.4430.210 Mobile Safari/537.36"
103.226.226.225 - - [31/May/2021:19:51:56 +0000] "GET /static//images/NH.jpg HTTP/1.1" 200 73511 "http://141.136.47.43:5000/" "Mozilla/5.0 (Linux; Android 10; Redmi Note 7 Pro) AppleWebKit/537.36 (KHTML, like Gecko) Chrome/90.0.4430.210 Mobile Safari/537.36"
103.226.226.225 - - [31/May/2021:19:51:56 +0000] "GET /static//images/work3.jpeg HTTP/1.1" 200 66833 "http://141.136.47.43:5000/" "Mozilla/5.0 (Linux; Android 10; Redmi Note 7 Pro) AppleWebKit/537.36 (KHTML, like Gecko) Chrome/90.0.4430.210 Mobile Safari/537.36"
103.226.226.225 - - [31/May/2021:19:51:56 +0000] "GET /static//images/work2.jpeg HTTP/1.1" 200 262829 "http://141.136.47.43:5000/" "Mozilla/5.0 (Linux; Android 10; Redmi Note 7 Pro) AppleWebKit/537.36 (KHTML, like Gecko) Chrome/90.0.4430.210 Mobile Safari/537.36"
103.226.226.225 - - [31/May/2021:19:51:56 +0000] "GET /static//images/work1.jpeg HTTP/1.1" 200 270139 "http://141.136.47.43:5000/" "Mozilla/5.0 (Linux; Android 10; Redmi Note 7 Pro) AppleWebKit/537.36 (KHTML, like Gecko) Chrome/90.0.4430.210 Mobile Safari/537.36"
157.41.148.12 - - [31/May/2021:19:51:58 +0000] "GET /static/style.css HTTP/1.1" 304 179 "http://141.136.47.43:5000/" "Mozilla/5.0 (Linux; Android 11; KB2001) AppleWebKit/537.36 (KHTML, like Gecko) Chrome/89.0.4389.72 Mobile Safari/537.36"
157.41.148.12 - - [31/May/2021:19:51:58 +0000] "GET /static/main.js HTTP/1.1" 304 179 "http://141.136.47.43:5000/" "Mozilla/5.0 (Linux; Android 11; KB2001) AppleWebKit/537.36 (KHTML, like Gecko) Chrome/89.0.4389.72 Mobile Safari/537.36"
157.41.148.12 - - [31/May/2021:19:51:58 +0000] "GET /static//images/devdoot-logo.png HTTP/1.1" 304 178 "http://141.136.47.43:5000/" "Mozilla/5.0 (Linux; Android 11; KB2001) AppleWebKit/537.36 (KHTML, like Gecko) Chrome/89.0.4389.72 Mobile Safari/537.36"
157.41.148.12 - - [31/May/2021:19:51:58 +0000] "GET /static//images/NH.jpg HTTP/1.1" 304 178 "http://141.136.47.43:5000/" "Mozilla/5.0 (Linux; Android 11; KB2001) AppleWebKit/537.36 (KHTML, like Gecko) Chrome/89.0.4389.72 Mobile Safari/537.36"
157.41.148.12 - - [31/May/2021:19:51:58 +0000] "GET /static//images/volunteer.jpg HTTP/1.1" 304 179 "http://141.136.47.43:5000/" "Mozilla/5.0 (Linux; Android 11; KB2001) AppleWebKit/537.36 (KHTML, like Gecko) Chrome/89.0.4389.72 Mobile Safari/537.36"
157.41.148.12 - - [31/May/2021:19:51:59 +0000] "GET /static//images/work1.jpeg HTTP/1.1" 304 178 "http://141.136.47.43:5000/" "Mozilla/5.0 (Linux; Android 11; KB2001) AppleWebKit/537.36 (KHTML, like Gecko) Chrome/89.0.4389.72 Mobile Safari/537.36"
157.41.148.12 - - [31/May/2021:19:51:59 +0000] "GET /static//images/work2.jpeg HTTP/1.1" 304 178 "http://141.136.47.43:5000/" "Mozilla/5.0 (Linux; Android 11; KB2001) AppleWebKit/537.36 (KHTML, like Gecko) Chrome/89.0.4389.72 Mobile Safari/537.36"
103.226.226.225 - - [31/May/2021:19:52:00 +0000] "GET /blogs HTTP/1.1" 200 6108 "http://141.136.47.43:5000/" "Mozilla/5.0 (Linux; Android 10; Redmi Note 7 Pro) AppleWebKit/537.36 (KHTML, like Gecko) Chrome/90.0.4430.210 Mobile Safari/537.36"
103.226.226.225 - - [31/May/2021:19:52:00 +0000] "GET /static//images/devdoot-logo.png HTTP/1.1" 304 178 "http://141.136.47.43:5000/blogs" "Mozilla/5.0 (Linux; Android 10; Redmi Note 7 Pro) AppleWebKit/537.36 (KHTML, like Gecko) Chrome/90.0.4430.210 Mobile Safari/537.36"
103.226.226.225 - - [31/May/2021:19:52:00 +0000] "GET /static/style.css HTTP/1.1" 304 178 "http://141.136.47.43:5000/blogs" "Mozilla/5.0 (Linux; Android 10; Redmi Note 7 Pro) AppleWebKit/537.36 (KHTML, like Gecko) Chrome/90.0.4430.210 Mobile Safari/537.36"
103.226.226.225 - - [31/May/2021:19:52:00 +0000] "GET /static/main.js HTTP/1.1" 304 178 "http://141.136.47.43:5000/blogs" "Mozilla/5.0 (Linux; Android 10; Redmi Note 7 Pro) AppleWebKit/537.36 (KHTML, like Gecko) Chrome/90.0.4430.210 Mobile Safari/537.36"
103.226.226.225 - - [31/May/2021:19:52:01 +0000] "GET /static//images/devdoot-logo.png HTTP/1.1" 304 178 "http://141.136.47.43:5000/blogs" "Mozilla/5.0 (Linux; Android 10; Redmi Note 7 Pro) AppleWebKit/537.36 (KHTML, like Gecko) Chrome/90.0.4430.210 Mobile Safari/537.36"
157.41.148.12 - - [31/May/2021:19:52:01 +0000] "GET /blogs HTTP/1.1" 200 6108 "http://141.136.47.43:5000/" "Mozilla/5.0 (Linux; Android 11; KB2001) AppleWebKit/537.36 (KHTML, like Gecko) Chrome/89.0.4389.72 Mobile Safari/537.36"
157.41.148.12 - - [31/May/2021:19:52:02 +0000] "GET /static/style.css HTTP/1.1" 304 178 "http://141.136.47.43:5000/blogs" "Mozilla/5.0 (Linux; Android 11; KB2001) AppleWebKit/537.36 (KHTML, like Gecko) Chrome/89.0.4389.72 Mobile Safari/537.36"
157.41.148.12 - - [31/May/2021:19:52:02 +0000] "GET /static/main.js HTTP/1.1" 304 178 "http://141.136.47.43:5000/blogs" "Mozilla/5.0 (Linux; Android 11; KB2001) AppleWebKit/537.36 (KHTML, like Gecko) Chrome/89.0.4389.72 Mobile Safari/537.36"
103.226.226.225 - - [31/May/2021:19:52:02 +0000] "GET /static//images/devdoot-logo.png HTTP/1.1" 304 178 "http://141.136.47.43:5000/blogs" "Mozilla/5.0 (Linux; Android 10; Redmi Note 7 Pro) AppleWebKit/537.36 (KHTML, like Gecko) Chrome/90.0.4430.210 Mobile Safari/537.36"
157.41.148.12 - - [31/May/2021:19:52:02 +0000] "GET /static//images/devdoot-logo.png HTTP/1.1" 304 178 "http://141.136.47.43:5000/blogs" "Mozilla/5.0 (Linux; Android 11; KB2001) AppleWebKit/537.36 (KHTML, like Gecko) Chrome/89.0.4389.72 Mobile Safari/537.36"
106.66.19.136 - - [31/May/2021:19:52:15 +0000] "-" 408 0 "-" "-"
106.66.19.136 - - [31/May/2021:19:52:32 +0000] "-" 408 0 "-" "-"
103.226.226.225 - - [31/May/2021:19:52:42 +0000] "GET / HTTP/1.1" 200 4474 "http://141.136.47.43:5000/blogs" "Mozilla/5.0 (Linux; Android 10; Redmi Note 7 Pro) AppleWebKit/537.36 (KHTML, like Gecko) Chrome/90.0.4430.210 Mobile Safari/537.36"
103.226.226.225 - - [31/May/2021:19:52:42 +0000] "GET /static/style.css HTTP/1.1" 304 178 "http://141.136.47.43:5000/" "Mozilla/5.0 (Linux; Android 10; Redmi Note 7 Pro) AppleWebKit/537.36 (KHTML, like Gecko) Chrome/90.0.4430.210 Mobile Safari/537.36"
103.226.226.225 - - [31/May/2021:19:52:42 +0000] "GET /static//images/devdoot-logo.png HTTP/1.1" 304 179 "http://141.136.47.43:5000/" "Mozilla/5.0 (Linux; Android 10; Redmi Note 7 Pro) AppleWebKit/537.36 (KHTML, like Gecko) Chrome/90.0.4430.210 Mobile Safari/537.36"
103.226.226.225 - - [31/May/2021:19:52:43 +0000] "GET /static/main.js HTTP/1.1" 304 178 "http://141.136.47.43:5000/" "Mozilla/5.0 (Linux; Android 10; Redmi Note 7 Pro) AppleWebKit/537.36 (KHTML, like Gecko) Chrome/90.0.4430.210 Mobile Safari/537.36"
103.226.226.225 - - [31/May/2021:19:52:43 +0000] "GET /static//images/NH.jpg HTTP/1.1" 304 179 "http://141.136.47.43:5000/" "Mozilla/5.0 (Linux; Android 10; Redmi Note 7 Pro) AppleWebKit/537.36 (KHTML, like Gecko) Chrome/90.0.4430.210 Mobile Safari/537.36"
103.226.226.225 - - [31/May/2021:19:52:43 +0000] "GET /static//images/work1.jpeg HTTP/1.1" 304 179 "http://141.136.47.43:5000/" "Mozilla/5.0 (Linux; Android 10; Redmi Note 7 Pro) AppleWebKit/537.36 (KHTML, like Gecko) Chrome/90.0.4430.210 Mobile Safari/537.36"
103.226.226.225 - - [31/May/2021:19:52:43 +0000] "GET /static//images/volunteer.jpg HTTP/1.1" 206 395 "http://141.136.47.43:5000/" "Mozilla/5.0 (Linux; Android 10; Redmi Note 7 Pro) AppleWebKit/537.36 (KHTML, like Gecko) Chrome/90.0.4430.210 Mobile Safari/537.36"
103.226.226.225 - - [31/May/2021:19:52:43 +0000] "GET /static//images/work2.jpeg HTTP/1.1" 304 179 "http://141.136.47.43:5000/" "Mozilla/5.0 (Linux; Android 10; Redmi Note 7 Pro) AppleWebKit/537.36 (KHTML, like Gecko) Chrome/90.0.4430.210 Mobile Safari/537.36"
103.226.226.225 - - [31/May/2021:19:52:43 +0000] "GET /static//images/work3.jpeg HTTP/1.1" 304 178 "http://141.136.47.43:5000/" "Mozilla/5.0 (Linux; Android 10; Redmi Note 7 Pro) AppleWebKit/537.36 (KHTML, like Gecko) Chrome/90.0.4430.210 Mobile Safari/537.36"
103.226.226.225 - - [31/May/2021:19:52:43 +0000] "GET /static//images/volunteer.jpg HTTP/1.1" 206 1972932 "http://141.136.47.43:5000/" "Mozilla/5.0 (Linux; Android 10; Redmi Note 7 Pro) AppleWebKit/537.36 (KHTML, like Gecko) Chrome/90.0.4430.210 Mobile Safari/537.36"
103.226.226.225 - - [31/May/2021:19:52:50 +0000] "GET / HTTP/1.1" 200 4473 "http://141.136.47.43:5000/blogs" "Mozilla/5.0 (Linux; Android 10; Redmi Note 7 Pro) AppleWebKit/537.36 (KHTML, like Gecko) Chrome/90.0.4430.210 Mobile Safari/537.36"
103.226.226.225 - - [31/May/2021:19:52:51 +0000] "GET /static/style.css HTTP/1.1" 304 178 "http://141.136.47.43:5000/" "Mozilla/5.0 (Linux; Android 10; Redmi Note 7 Pro) AppleWebKit/537.36 (KHTML, like Gecko) Chrome/90.0.4430.210 Mobile Safari/537.36"
103.226.226.225 - - [31/May/2021:19:52:51 +0000] "GET /static/main.js HTTP/1.1" 304 178 "http://141.136.47.43:5000/" "Mozilla/5.0 (Linux; Android 10; Redmi Note 7 Pro) AppleWebKit/537.36 (KHTML, like Gecko) Chrome/90.0.4430.210 Mobile Safari/537.36"
103.226.226.225 - - [31/May/2021:19:52:51 +0000] "GET /static//images/devdoot-logo.png HTTP/1.1" 304 179 "http://141.136.47.43:5000/" "Mozilla/5.0 (Linux; Android 10; Redmi Note 7 Pro) AppleWebKit/537.36 (KHTML, like Gecko) Chrome/90.0.4430.210 Mobile Safari/537.36"
103.226.226.225 - - [31/May/2021:19:52:51 +0000] "GET /static//images/NH.jpg HTTP/1.1" 304 179 "http://141.136.47.43:5000/" "Mozilla/5.0 (Linux; Android 10; Redmi Note 7 Pro) AppleWebKit/537.36 (KHTML, like Gecko) Chrome/90.0.4430.210 Mobile Safari/537.36"
103.226.226.225 - - [31/May/2021:19:52:51 +0000] "GET /static//images/work1.jpeg HTTP/1.1" 304 179 "http://141.136.47.43:5000/" "Mozilla/5.0 (Linux; Android 10; Redmi Note 7 Pro) AppleWebKit/537.36 (KHTML, like Gecko) Chrome/90.0.4430.210 Mobile Safari/537.36"
103.226.226.225 - - [31/May/2021:19:52:51 +0000] "GET /static//images/work2.jpeg HTTP/1.1" 304 179 "http://141.136.47.43:5000/" "Mozilla/5.0 (Linux; Android 10; Redmi Note 7 Pro) AppleWebKit/537.36 (KHTML, like Gecko) Chrome/90.0.4430.210 Mobile Safari/537.36"
103.226.226.225 - - [31/May/2021:19:52:51 +0000] "GET /static//images/volunteer.jpg HTTP/1.1" 304 179 "http://141.136.47.43:5000/" "Mozilla/5.0 (Linux; Android 10; Redmi Note 7 Pro) AppleWebKit/537.36 (KHTML, like Gecko) Chrome/90.0.4430.210 Mobile Safari/537.36"
103.226.226.225 - - [31/May/2021:19:52:51 +0000] "GET /static//images/work3.jpeg HTTP/1.1" 304 178 "http://141.136.47.43:5000/" "Mozilla/5.0 (Linux; Android 10; Redmi Note 7 Pro) AppleWebKit/537.36 (KHTML, like Gecko) Chrome/90.0.4430.210 Mobile Safari/537.36"
103.226.226.225 - - [31/May/2021:19:52:52 +0000] "GET /static//images/devdoot-logo.png HTTP/1.1" 200 27483 "http://141.136.47.43:5000/" "Mozilla/5.0 (Linux; Android 10; Redmi Note 7 Pro) AppleWebKit/537.36 (KHTML, like Gecko) Chrome/90.0.4430.210 Mobile Safari/537.36"
103.226.226.225 - - [31/May/2021:19:52:52 +0000] "GET /static//images/devdoot-logo.png HTTP/1.1" 304 178 "http://141.136.47.43:5000/" "Mozilla/5.0 (Linux; Android 10; Redmi Note 7 Pro) AppleWebKit/537.36 (KHTML, like Gecko) Chrome/90.0.4430.210 Mobile Safari/537.36"
103.226.226.225 - - [31/May/2021:19:53:03 +0000] "GET / HTTP/1.1" 200 4474 "http://141.136.47.43:5000/blogs" "Mozilla/5.0 (Linux; Android 10; Redmi Note 7 Pro) AppleWebKit/537.36 (KHTML, like Gecko) Chrome/90.0.4430.210 Mobile Safari/537.36"
103.226.226.225 - - [31/May/2021:19:53:04 +0000] "GET /static/style.css HTTP/1.1" 304 178 "http://141.136.47.43:5000/" "Mozilla/5.0 (Linux; Android 10; Redmi Note 7 Pro) AppleWebKit/537.36 (KHTML, like Gecko) Chrome/90.0.4430.210 Mobile Safari/537.36"
103.226.226.225 - - [31/May/2021:19:53:04 +0000] "GET /static/main.js HTTP/1.1" 304 179 "http://141.136.47.43:5000/" "Mozilla/5.0 (Linux; Android 10; Redmi Note 7 Pro) AppleWebKit/537.36 (KHTML, like Gecko) Chrome/90.0.4430.210 Mobile Safari/537.36"
103.226.226.225 - - [31/May/2021:19:53:04 +0000] "GET /static//images/devdoot-logo.png HTTP/1.1" 304 179 "http://141.136.47.43:5000/" "Mozilla/5.0 (Linux; Android 10; Redmi Note 7 Pro) AppleWebKit/537.36 (KHTML, like Gecko) Chrome/90.0.4430.210 Mobile Safari/537.36"
103.226.226.225 - - [31/May/2021:19:53:04 +0000] "GET /static//images/NH.jpg HTTP/1.1" 304 178 "http://141.136.47.43:5000/" "Mozilla/5.0 (Linux; Android 10; Redmi Note 7 Pro) AppleWebKit/537.36 (KHTML, like Gecko) Chrome/90.0.4430.210 Mobile Safari/537.36"
103.226.226.225 - - [31/May/2021:19:53:04 +0000] "GET /static//images/work2.jpeg HTTP/1.1" 304 179 "http://141.136.47.43:5000/" "Mozilla/5.0 (Linux; Android 10; Redmi Note 7 Pro) AppleWebKit/537.36 (KHTML, like Gecko) Chrome/90.0.4430.210 Mobile Safari/537.36"
103.226.226.225 - - [31/May/2021:19:53:04 +0000] "GET /static//images/work1.jpeg HTTP/1.1" 304 179 "http://141.136.47.43:5000/" "Mozilla/5.0 (Linux; Android 10; Redmi Note 7 Pro) AppleWebKit/537.36 (KHTML, like Gecko) Chrome/90.0.4430.210 Mobile Safari/537.36"
103.226.226.225 - - [31/May/2021:19:53:04 +0000] "GET /static//images/volunteer.jpg HTTP/1.1" 304 178 "http://141.136.47.43:5000/" "Mozilla/5.0 (Linux; Android 10; Redmi Note 7 Pro) AppleWebKit/537.36 (KHTML, like Gecko) Chrome/90.0.4430.210 Mobile Safari/537.36"
103.226.226.225 - - [31/May/2021:19:53:04 +0000] "GET /static//images/work3.jpeg HTTP/1.1" 304 179 "http://141.136.47.43:5000/" "Mozilla/5.0 (Linux; Android 10; Redmi Note 7 Pro) AppleWebKit/537.36 (KHTML, like Gecko) Chrome/90.0.4430.210 Mobile Safari/537.36"
103.226.226.225 - - [31/May/2021:19:53:05 +0000] "GET /static//images/devdoot-logo.png HTTP/1.1" 200 27483 "http://141.136.47.43:5000/" "Mozilla/5.0 (Linux; Android 10; Redmi Note 7 Pro) AppleWebKit/537.36 (KHTML, like Gecko) Chrome/90.0.4430.210 Mobile Safari/537.36"
103.226.226.225 - - [31/May/2021:19:53:05 +0000] "GET /static//images/devdoot-logo.png HTTP/1.1" 304 178 "http://141.136.47.43:5000/" "Mozilla/5.0 (Linux; Android 10; Redmi Note 7 Pro) AppleWebKit/537.36 (KHTML, like Gecko) Chrome/90.0.4430.210 Mobile Safari/537.36"
103.226.226.225 - - [31/May/2021:19:53:12 +0000] "GET / HTTP/1.1" 200 4474 "http://141.136.47.43:5000/" "Mozilla/5.0 (Linux; Android 10; Redmi Note 7 Pro) AppleWebKit/537.36 (KHTML, like Gecko) Chrome/90.0.4430.210 Mobile Safari/537.36"
103.226.226.225 - - [31/May/2021:19:53:13 +0000] "GET /static/style.css HTTP/1.1" 304 178 "http://141.136.47.43:5000/" "Mozilla/5.0 (Linux; Android 10; Redmi Note 7 Pro) AppleWebKit/537.36 (KHTML, like Gecko) Chrome/90.0.4430.210 Mobile Safari/537.36"
103.226.226.225 - - [31/May/2021:19:53:13 +0000] "GET /static/main.js HTTP/1.1" 304 179 "http://141.136.47.43:5000/" "Mozilla/5.0 (Linux; Android 10; Redmi Note 7 Pro) AppleWebKit/537.36 (KHTML, like Gecko) Chrome/90.0.4430.210 Mobile Safari/537.36"
103.226.226.225 - - [31/May/2021:19:53:13 +0000] "GET /static//images/devdoot-logo.png HTTP/1.1" 304 179 "http://141.136.47.43:5000/" "Mozilla/5.0 (Linux; Android 10; Redmi Note 7 Pro) AppleWebKit/537.36 (KHTML, like Gecko) Chrome/90.0.4430.210 Mobile Safari/537.36"
103.226.226.225 - - [31/May/2021:19:53:13 +0000] "GET /static//images/NH.jpg HTTP/1.1" 304 178 "http://141.136.47.43:5000/" "Mozilla/5.0 (Linux; Android 10; Redmi Note 7 Pro) AppleWebKit/537.36 (KHTML, like Gecko) Chrome/90.0.4430.210 Mobile Safari/537.36"
103.226.226.225 - - [31/May/2021:19:53:13 +0000] "GET /static//images/volunteer.jpg HTTP/1.1" 304 179 "http://141.136.47.43:5000/" "Mozilla/5.0 (Linux; Android 10; Redmi Note 7 Pro) AppleWebKit/537.36 (KHTML, like Gecko) Chrome/90.0.4430.210 Mobile Safari/537.36"
103.226.226.225 - - [31/May/2021:19:53:13 +0000] "GET /static//images/work1.jpeg HTTP/1.1" 304 178 "http://141.136.47.43:5000/" "Mozilla/5.0 (Linux; Android 10; Redmi Note 7 Pro) AppleWebKit/537.36 (KHTML, like Gecko) Chrome/90.0.4430.210 Mobile Safari/537.36"
103.226.226.225 - - [31/May/2021:19:53:13 +0000] "GET /static//images/work2.jpeg HTTP/1.1" 304 179 "http://141.136.47.43:5000/" "Mozilla/5.0 (Linux; Android 10; Redmi Note 7 Pro) AppleWebKit/537.36 (KHTML, like Gecko) Chrome/90.0.4430.210 Mobile Safari/537.36"
103.226.226.225 - - [31/May/2021:19:53:13 +0000] "GET /static//images/work3.jpeg HTTP/1.1" 304 179 "http://141.136.47.43:5000/" "Mozilla/5.0 (Linux; Android 10; Redmi Note 7 Pro) AppleWebKit/537.36 (KHTML, like Gecko) Chrome/90.0.4430.210 Mobile Safari/537.36"
103.132.57.54 - - [31/May/2021:19:55:16 +0000] "GET /solved_raised_issue HTTP/1.1" 200 4019 "http://141.136.47.43:5000/blogs" "Mozilla/5.0 (X11; Linux x86_64) AppleWebKit/537.36 (KHTML, like Gecko) Chrome/90.0.4430.212 Safari/537.36"
103.132.57.54 - - [31/May/2021:19:55:17 +0000] "GET /static/main.js HTTP/1.1" 304 179 "http://141.136.47.43:5000/solved_raised_issue" "Mozilla/5.0 (X11; Linux x86_64) AppleWebKit/537.36 (KHTML, like Gecko) Chrome/90.0.4430.212 Safari/537.36"
103.132.57.54 - - [31/May/2021:19:55:17 +0000] "GET /static/style.css HTTP/1.1" 304 178 "http://141.136.47.43:5000/solved_raised_issue" "Mozilla/5.0 (X11; Linux x86_64) AppleWebKit/537.36 (KHTML, like Gecko) Chrome/90.0.4430.212 Safari/537.36"
103.132.57.54 - - [31/May/2021:19:55:17 +0000] "GET /static//images/devdoot-logo.png HTTP/1.1" 304 179 "http://141.136.47.43:5000/solved_raised_issue" "Mozilla/5.0 (X11; Linux x86_64) AppleWebKit/537.36 (KHTML, like Gecko) Chrome/90.0.4430.212 Safari/537.36"
103.132.57.54 - - [31/May/2021:19:55:19 +0000] "GET /pending_raised_issue HTTP/1.1" 200 4832 "http://141.136.47.43:5000/solved_raised_issue" "Mozilla/5.0 (X11; Linux x86_64) AppleWebKit/537.36 (KHTML, like Gecko) Chrome/90.0.4430.212 Safari/537.36"
103.132.57.54 - - [31/May/2021:19:55:20 +0000] "GET /static/main.js HTTP/1.1" 304 178 "http://141.136.47.43:5000/pending_raised_issue" "Mozilla/5.0 (X11; Linux x86_64) AppleWebKit/537.36 (KHTML, like Gecko) Chrome/90.0.4430.212 Safari/537.36"
103.132.57.54 - - [31/May/2021:19:55:20 +0000] "GET /static/style.css HTTP/1.1" 304 178 "http://141.136.47.43:5000/pending_raised_issue" "Mozilla/5.0 (X11; Linux x86_64) AppleWebKit/537.36 (KHTML, like Gecko) Chrome/90.0.4430.212 Safari/537.36"
103.132.57.54 - - [31/May/2021:19:55:20 +0000] "GET /static//images/devdoot-logo.png HTTP/1.1" 304 178 "http://141.136.47.43:5000/pending_raised_issue" "Mozilla/5.0 (X11; Linux x86_64) AppleWebKit/537.36 (KHTML, like Gecko) Chrome/90.0.4430.212 Safari/537.36"
103.132.57.54 - - [31/May/2021:19:55:32 +0000] "GET /my_raised_request HTTP/1.1" 200 4738 "http://141.136.47.43:5000/pending_raised_issue" "Mozilla/5.0 (X11; Linux x86_64) AppleWebKit/537.36 (KHTML, like Gecko) Chrome/90.0.4430.212 Safari/537.36"
103.132.57.54 - - [31/May/2021:19:55:32 +0000] "GET /static/style.css HTTP/1.1" 304 178 "http://141.136.47.43:5000/my_raised_request" "Mozilla/5.0 (X11; Linux x86_64) AppleWebKit/537.36 (KHTML, like Gecko) Chrome/90.0.4430.212 Safari/537.36"
103.132.57.54 - - [31/May/2021:19:55:32 +0000] "GET /static/main.js HTTP/1.1" 304 178 "http://141.136.47.43:5000/my_raised_request" "Mozilla/5.0 (X11; Linux x86_64) AppleWebKit/537.36 (KHTML, like Gecko) Chrome/90.0.4430.212 Safari/537.36"
103.132.57.54 - - [31/May/2021:19:55:32 +0000] "GET /static//images/devdoot-logo.png HTTP/1.1" 304 179 "http://141.136.47.43:5000/my_raised_request" "Mozilla/5.0 (X11; Linux x86_64) AppleWebKit/537.36 (KHTML, like Gecko) Chrome/90.0.4430.212 Safari/537.36"
103.132.57.54 - - [31/May/2021:19:55:50 +0000] "GET /logout HTTP/1.1" 302 621 "http://141.136.47.43:5000/my_raised_request" "Mozilla/5.0 (X11; Linux x86_64) AppleWebKit/537.36 (KHTML, like Gecko) Chrome/90.0.4430.212 Safari/537.36"
103.132.57.54 - - [31/May/2021:19:55:50 +0000] "GET / HTTP/1.1" 200 4590 "http://141.136.47.43:5000/my_raised_request" "Mozilla/5.0 (X11; Linux x86_64) AppleWebKit/537.36 (KHTML, like Gecko) Chrome/90.0.4430.212 Safari/537.36"
103.132.57.54 - - [31/May/2021:19:55:50 +0000] "GET /static//images/devdoot-logo.png HTTP/1.1" 304 179 "http://141.136.47.43:5000/" "Mozilla/5.0 (X11; Linux x86_64) AppleWebKit/537.36 (KHTML, like Gecko) Chrome/90.0.4430.212 Safari/537.36"
103.132.57.54 - - [31/May/2021:19:55:50 +0000] "GET /static/style.css HTTP/1.1" 304 178 "http://141.136.47.43:5000/" "Mozilla/5.0 (X11; Linux x86_64) AppleWebKit/537.36 (KHTML, like Gecko) Chrome/90.0.4430.212 Safari/537.36"
103.132.57.54 - - [31/May/2021:19:55:51 +0000] "GET /static/main.js HTTP/1.1" 304 179 "http://141.136.47.43:5000/" "Mozilla/5.0 (X11; Linux x86_64) AppleWebKit/537.36 (KHTML, like Gecko) Chrome/90.0.4430.212 Safari/537.36"
103.132.57.54 - - [31/May/2021:19:55:51 +0000] "GET /static//images/NH.jpg HTTP/1.1" 304 179 "http://141.136.47.43:5000/" "Mozilla/5.0 (X11; Linux x86_64) AppleWebKit/537.36 (KHTML, like Gecko) Chrome/90.0.4430.212 Safari/537.36"
103.132.57.54 - - [31/May/2021:19:55:51 +0000] "GET /static//images/volunteer.jpg HTTP/1.1" 304 178 "http://141.136.47.43:5000/" "Mozilla/5.0 (X11; Linux x86_64) AppleWebKit/537.36 (KHTML, like Gecko) Chrome/90.0.4430.212 Safari/537.36"
103.132.57.54 - - [31/May/2021:19:55:51 +0000] "GET /static//images/work1.jpeg HTTP/1.1" 304 179 "http://141.136.47.43:5000/" "Mozilla/5.0 (X11; Linux x86_64) AppleWebKit/537.36 (KHTML, like Gecko) Chrome/90.0.4430.212 Safari/537.36"
103.132.57.54 - - [31/May/2021:19:55:51 +0000] "GET /static//images/work2.jpeg HTTP/1.1" 304 178 "http://141.136.47.43:5000/" "Mozilla/5.0 (X11; Linux x86_64) AppleWebKit/537.36 (KHTML, like Gecko) Chrome/90.0.4430.212 Safari/537.36"
103.132.57.54 - - [31/May/2021:19:55:51 +0000] "GET /static//images/work3.jpeg HTTP/1.1" 304 178 "http://141.136.47.43:5000/" "Mozilla/5.0 (X11; Linux x86_64) AppleWebKit/537.36 (KHTML, like Gecko) Chrome/90.0.4430.212 Safari/537.36"
103.226.226.225 - - [31/May/2021:19:56:19 +0000] "GET / HTTP/1.1" 200 4474 "http://141.136.47.43:5000/" "Mozilla/5.0 (Linux; Android 10; Redmi Note 7 Pro) AppleWebKit/537.36 (KHTML, like Gecko) Chrome/90.0.4430.210 Mobile Safari/537.36"
103.226.226.225 - - [31/May/2021:19:56:20 +0000] "GET /static//images/devdoot-logo.png HTTP/1.1" 304 178 "http://141.136.47.43:5000/" "Mozilla/5.0 (Linux; Android 10; Redmi Note 7 Pro) AppleWebKit/537.36 (KHTML, like Gecko) Chrome/90.0.4430.210 Mobile Safari/537.36"
103.226.226.225 - - [31/May/2021:19:56:20 +0000] "GET /static/style.css HTTP/1.1" 304 179 "http://141.136.47.43:5000/" "Mozilla/5.0 (Linux; Android 10; Redmi Note 7 Pro) AppleWebKit/537.36 (KHTML, like Gecko) Chrome/90.0.4430.210 Mobile Safari/537.36"
103.226.226.225 - - [31/May/2021:19:56:20 +0000] "GET /static//images/NH.jpg HTTP/1.1" 304 178 "http://141.136.47.43:5000/" "Mozilla/5.0 (Linux; Android 10; Redmi Note 7 Pro) AppleWebKit/537.36 (KHTML, like Gecko) Chrome/90.0.4430.210 Mobile Safari/537.36"
103.226.226.225 - - [31/May/2021:19:56:20 +0000] "GET /static//images/volunteer.jpg HTTP/1.1" 304 179 "http://141.136.47.43:5000/" "Mozilla/5.0 (Linux; Android 10; Redmi Note 7 Pro) AppleWebKit/537.36 (KHTML, like Gecko) Chrome/90.0.4430.210 Mobile Safari/537.36"
103.226.226.225 - - [31/May/2021:19:56:20 +0000] "GET /static/main.js HTTP/1.1" 304 178 "http://141.136.47.43:5000/" "Mozilla/5.0 (Linux; Android 10; Redmi Note 7 Pro) AppleWebKit/537.36 (KHTML, like Gecko) Chrome/90.0.4430.210 Mobile Safari/537.36"
103.226.226.225 - - [31/May/2021:19:56:20 +0000] "GET /static//images/work1.jpeg HTTP/1.1" 304 179 "http://141.136.47.43:5000/" "Mozilla/5.0 (Linux; Android 10; Redmi Note 7 Pro) AppleWebKit/537.36 (KHTML, like Gecko) Chrome/90.0.4430.210 Mobile Safari/537.36"
103.226.226.225 - - [31/May/2021:19:56:20 +0000] "GET /static//images/work2.jpeg HTTP/1.1" 304 179 "http://141.136.47.43:5000/" "Mozilla/5.0 (Linux; Android 10; Redmi Note 7 Pro) AppleWebKit/537.36 (KHTML, like Gecko) Chrome/90.0.4430.210 Mobile Safari/537.36"
103.226.226.225 - - [31/May/2021:19:56:20 +0000] "GET /static//images/work3.jpeg HTTP/1.1" 304 179 "http://141.136.47.43:5000/" "Mozilla/5.0 (Linux; Android 10; Redmi Note 7 Pro) AppleWebKit/537.36 (KHTML, like Gecko) Chrome/90.0.4430.210 Mobile Safari/537.36"
103.132.57.54 - - [31/May/2021:19:56:43 +0000] "-" 408 0 "-" "-"
106.66.19.136 - - [31/May/2021:19:56:53 +0000] "GET /volunteer_list HTTP/1.1" 200 4016 "http://141.136.47.43:5000/" "Mozilla/5.0 (Linux; Android 10; RMX2050) AppleWebKit/537.36 (KHTML, like Gecko) Chrome/87.0.4280.101 Mobile Safari/537.36"
106.66.19.136 - - [31/May/2021:19:56:54 +0000] "GET /static/main.js HTTP/1.1" 304 178 "http://141.136.47.43:5000/volunteer_list" "Mozilla/5.0 (Linux; Android 10; RMX2050) AppleWebKit/537.36 (KHTML, like Gecko) Chrome/87.0.4280.101 Mobile Safari/537.36"
106.66.19.136 - - [31/May/2021:19:56:54 +0000] "GET /static/style.css HTTP/1.1" 304 179 "http://141.136.47.43:5000/volunteer_list" "Mozilla/5.0 (Linux; Android 10; RMX2050) AppleWebKit/537.36 (KHTML, like Gecko) Chrome/87.0.4280.101 Mobile Safari/537.36"
106.66.19.136 - - [31/May/2021:19:56:54 +0000] "GET /static//images/devdoot-logo.png HTTP/1.1" 304 178 "http://141.136.47.43:5000/volunteer_list" "Mozilla/5.0 (Linux; Android 10; RMX2050) AppleWebKit/537.36 (KHTML, like Gecko) Chrome/87.0.4280.101 Mobile Safari/537.36"
103.226.226.225 - - [31/May/2021:19:51:56 +0000] "GET /static//images/volunteer.jpg HTTP/1.1" 200 1820221 "http://141.136.47.43:5000/" "Mozilla/5.0 (Linux; Android 10; Redmi Note 7 Pro) AppleWebKit/537.36 (KHTML, like Gecko) Chrome/90.0.4430.210 Mobile Safari/537.36"
157.41.148.12 - - [31/May/2021:19:57:27 +0000] "-" 408 0 "-" "-"
157.41.148.12 - - [31/May/2021:19:57:27 +0000] "-" 408 0 "-" "-"
157.41.148.12 - - [31/May/2021:19:58:37 +0000] "-" 408 0 "-" "-"
157.41.148.12 - - [31/May/2021:19:58:37 +0000] "-" 408 0 "-" "-"
103.132.57.54 - - [31/May/2021:19:59:28 +0000] "GET / HTTP/1.1" 200 4474 "-" "Mozilla/5.0 (Linux; Android 11; SM-M315F) AppleWebKit/537.36 (KHTML, like Gecko) Chrome/90.0.4430.210 Mobile Safari/537.36"
103.132.57.54 - - [31/May/2021:19:59:31 +0000] "GET /static/style.css HTTP/1.1" 304 178 "http://141.136.47.43:5000/" "Mozilla/5.0 (Linux; Android 11; SM-M315F) AppleWebKit/537.36 (KHTML, like Gecko) Chrome/90.0.4430.210 Mobile Safari/537.36"
103.132.57.54 - - [31/May/2021:19:59:31 +0000] "GET /static//images/devdoot-logo.png HTTP/1.1" 304 179 "http://141.136.47.43:5000/" "Mozilla/5.0 (Linux; Android 11; SM-M315F) AppleWebKit/537.36 (KHTML, like Gecko) Chrome/90.0.4430.210 Mobile Safari/537.36"
103.132.57.54 - - [31/May/2021:19:59:31 +0000] "GET /static/main.js HTTP/1.1" 304 178 "http://141.136.47.43:5000/" "Mozilla/5.0 (Linux; Android 11; SM-M315F) AppleWebKit/537.36 (KHTML, like Gecko) Chrome/90.0.4430.210 Mobile Safari/537.36"
103.132.57.54 - - [31/May/2021:19:59:31 +0000] "GET /static//images/NH.jpg HTTP/1.1" 304 178 "http://141.136.47.43:5000/" "Mozilla/5.0 (Linux; Android 11; SM-M315F) AppleWebKit/537.36 (KHTML, like Gecko) Chrome/90.0.4430.210 Mobile Safari/537.36"
103.132.57.54 - - [31/May/2021:19:59:31 +0000] "GET /static//images/work1.jpeg HTTP/1.1" 304 179 "http://141.136.47.43:5000/" "Mozilla/5.0 (Linux; Android 11; SM-M315F) AppleWebKit/537.36 (KHTML, like Gecko) Chrome/90.0.4430.210 Mobile Safari/537.36"
103.132.57.54 - - [31/May/2021:19:59:31 +0000] "GET /static//images/work3.jpeg HTTP/1.1" 304 179 "http://141.136.47.43:5000/" "Mozilla/5.0 (Linux; Android 11; SM-M315F) AppleWebKit/537.36 (KHTML, like Gecko) Chrome/90.0.4430.210 Mobile Safari/537.36"
103.132.57.54 - - [31/May/2021:19:59:31 +0000] "GET /static//images/volunteer.jpg HTTP/1.1" 304 179 "http://141.136.47.43:5000/" "Mozilla/5.0 (Linux; Android 11; SM-M315F) AppleWebKit/537.36 (KHTML, like Gecko) Chrome/90.0.4430.210 Mobile Safari/537.36"
103.132.57.54 - - [31/May/2021:19:59:31 +0000] "GET /static//images/work2.jpeg HTTP/1.1" 304 179 "http://141.136.47.43:5000/" "Mozilla/5.0 (Linux; Android 11; SM-M315F) AppleWebKit/537.36 (KHTML, like Gecko) Chrome/90.0.4430.210 Mobile Safari/537.36"
103.132.57.54 - - [31/May/2021:19:59:42 +0000] "GET /static//images/devdoot-logo.png HTTP/1.1" 200 27484 "http://141.136.47.43:5000/" "Mozilla/5.0 (Linux; Android 11; SM-M315F) AppleWebKit/537.36 (KHTML, like Gecko) Chrome/90.0.4430.210 Mobile Safari/537.36"
103.132.57.54 - - [31/May/2021:19:59:42 +0000] "GET /static//images/devdoot-logo.png HTTP/1.1" 304 179 "http://141.136.47.43:5000/" "Mozilla/5.0 (Linux; Android 11; SM-M315F) AppleWebKit/537.36 (KHTML, like Gecko) Chrome/90.0.4430.210 Mobile Safari/537.36"
27.97.146.153 - - [31/May/2021:19:59:44 +0000] "GET / HTTP/1.1" 200 4474 "-" "Mozilla/5.0 (Linux; Android 7.1.1; Redmi Note 5 Pro Build/NGI77B) AppleWebKit/537.36 (KHTML, like Gecko) Chrome/64.0.3282.137 Mobile Safari/537.36"
27.97.146.153 - - [31/May/2021:19:59:44 +0000] "GET /static/style.css HTTP/1.1" 200 4356 "http://141.136.47.43:5000/" "Mozilla/5.0 (Linux; Android 7.1.1; Redmi Note 5 Pro Build/NGI77B) AppleWebKit/537.36 (KHTML, like Gecko) Chrome/64.0.3282.137 Mobile Safari/537.36"
27.97.146.153 - - [31/May/2021:19:59:45 +0000] "GET /static/main.js HTTP/1.1" 200 713 "http://141.136.47.43:5000/" "Mozilla/5.0 (Linux; Android 7.1.1; Redmi Note 5 Pro Build/NGI77B) AppleWebKit/537.36 (KHTML, like Gecko) Chrome/64.0.3282.137 Mobile Safari/537.36"
27.97.146.153 - - [31/May/2021:19:59:45 +0000] "GET /static//images/devdoot-logo.png HTTP/1.1" 200 27484 "http://141.136.47.43:5000/" "Mozilla/5.0 (Linux; Android 7.1.1; Redmi Note 5 Pro Build/NGI77B) AppleWebKit/537.36 (KHTML, like Gecko) Chrome/64.0.3282.137 Mobile Safari/537.36"
27.97.146.153 - - [31/May/2021:19:59:45 +0000] "GET /static//images/NH.jpg HTTP/1.1" 200 73511 "http://141.136.47.43:5000/" "Mozilla/5.0 (Linux; Android 7.1.1; Redmi Note 5 Pro Build/NGI77B) AppleWebKit/537.36 (KHTML, like Gecko) Chrome/64.0.3282.137 Mobile Safari/537.36"
27.97.146.153 - - [31/May/2021:19:59:45 +0000] "GET /static//images/work3.jpeg HTTP/1.1" 200 66832 "http://141.136.47.43:5000/" "Mozilla/5.0 (Linux; Android 7.1.1; Redmi Note 5 Pro Build/NGI77B) AppleWebKit/537.36 (KHTML, like Gecko) Chrome/64.0.3282.137 Mobile Safari/537.36"
27.97.146.153 - - [31/May/2021:19:59:45 +0000] "GET /static//images/work1.jpeg HTTP/1.1" 200 270139 "http://141.136.47.43:5000/" "Mozilla/5.0 (Linux; Android 7.1.1; Redmi Note 5 Pro Build/NGI77B) AppleWebKit/537.36 (KHTML, like Gecko) Chrome/64.0.3282.137 Mobile Safari/537.36"
27.97.146.153 - - [31/May/2021:19:59:45 +0000] "GET /static//images/work2.jpeg HTTP/1.1" 200 262830 "http://141.136.47.43:5000/" "Mozilla/5.0 (Linux; Android 7.1.1; Redmi Note 5 Pro Build/NGI77B) AppleWebKit/537.36 (KHTML, like Gecko) Chrome/64.0.3282.137 Mobile Safari/537.36"
27.97.146.153 - - [31/May/2021:19:59:45 +0000] "GET /static//images/volunteer.jpg HTTP/1.1" 200 3441466 "http://141.136.47.43:5000/" "Mozilla/5.0 (Linux; Android 7.1.1; Redmi Note 5 Pro Build/NGI77B) AppleWebKit/537.36 (KHTML, like Gecko) Chrome/64.0.3282.137 Mobile Safari/537.36"
27.97.146.153 - - [31/May/2021:19:59:53 +0000] "GET /static//images/devdoot-logo.png HTTP/1.1" 304 178 "http://141.136.47.43:5000/" "Mozilla/5.0 (Linux; Android 7.1.1; Redmi Note 5 Pro Build/NGI77B) AppleWebKit/537.36 (KHTML, like Gecko) Chrome/64.0.3282.137 Mobile Safari/537.36"
27.97.146.153 - - [31/May/2021:19:59:53 +0000] "GET /static//images/devdoot-logo.png HTTP/1.1" 304 178 "http://141.136.47.43:5000/" "Mozilla/5.0 (Linux; Android 7.1.1; Redmi Note 5 Pro Build/NGI77B) AppleWebKit/537.36 (KHTML, like Gecko) Chrome/64.0.3282.137 Mobile Safari/537.36"
103.226.226.225 - - [31/May/2021:20:00:02 +0000] "GET / HTTP/1.1" 200 4474 "-" "Mozilla/5.0 (Linux; Android 10; Redmi Note 7 Pro) AppleWebKit/537.36 (KHTML, like Gecko) Chrome/90.0.4430.210 Mobile Safari/537.36"
