[Wed Jun 02 09:14:39.055502 2021] [wsgi:error] [pid 3558:tid 140345194284800] [remote 103.226.226.225:19744] OSError: Apache/mod_wsgi failed to write response data: Broken pipe.
[Wed Jun 02 09:17:39.005984 2021] [wsgi:error] [pid 3558:tid 140345211070208] [remote 157.41.138.161:45458] <SecureCookieSession {}>
[Wed Jun 02 09:20:48.977868 2021] [wsgi:error] [pid 3558:tid 140345211070208] [remote 157.41.138.161:45466] <SecureCookieSession {}>
[Wed Jun 02 09:20:58.383311 2021] [wsgi:error] [pid 3558:tid 140345194284800] [remote 157.41.138.161:45490] <SecureCookieSession {}>
[Wed Jun 02 09:31:29.435645 2021] [wsgi:error] [pid 3558:tid 140345211070208] [remote 45.148.10.50:53406] <SecureCookieSession {}>
[Wed Jun 02 09:35:31.099216 2021] [wsgi:error] [pid 3558:tid 140345194284800] [remote 43.230.105.126:61889] <SecureCookieSession {}>
[Wed Jun 02 10:41:24.250073 2021] [wsgi:error] [pid 3558:tid 140345202677504] [remote 157.41.138.161:45752] <SecureCookieSession {}>
[Wed Jun 02 10:44:40.765992 2021] [wsgi:error] [pid 3558:tid 140345202677504] [remote 157.41.138.161:45778] <SecureCookieSession {}>
[Wed Jun 02 10:45:43.708952 2021] [wsgi:error] [pid 3558:tid 140345227855616] [remote 157.41.138.161:45798] <SecureCookieSession {}>
[Wed Jun 02 12:51:30.247200 2021] [wsgi:error] [pid 3558:tid 140345227855616] [remote 27.63.13.252:60052] <SecureCookieSession {}>
[Wed Jun 02 13:08:04.573153 2021] [wsgi:error] [pid 3558:tid 140345227855616] [remote 45.148.10.50:37458] <SecureCookieSession {}>
[Wed Jun 02 13:14:01.841559 2021] [wsgi:error] [pid 3558:tid 140345202677504] [remote 106.193.181.89:63384] <SecureCookieSession {}>
[Wed Jun 02 13:14:04.760798 2021] [wsgi:error] [pid 3558:tid 140345227855616] [remote 106.193.181.89:63395] <SecureCookieSession {}>
[Wed Jun 02 13:14:24.553406 2021] [wsgi:error] [pid 3558:tid 140345194284800] [remote 106.193.181.89:63418] <SecureCookieSession {}>
[Wed Jun 02 13:14:28.964582 2021] [wsgi:error] [pid 3558:tid 140345227855616] [remote 106.193.181.89:63423] <SecureCookieSession {}>
[Wed Jun 02 13:15:51.864888 2021] [wsgi:error] [pid 3558:tid 140345202677504] [remote 106.193.181.89:63466] <SecureCookieSession {}>
[Wed Jun 02 13:57:07.283208 2021] [wsgi:error] [pid 23307:tid 140669339285248] [client 103.132.57.54:48818] <SecureCookieSession {}>
[Wed Jun 02 13:57:08.223126 2021] [wsgi:error] [pid 23307:tid 140669330892544] [client 103.132.57.54:48818] mod_wsgi (pid=23307): Exception occurred processing WSGI script '/var/www/devdootsena.org/app.wsgi'., referer: http://141.136.47.43/
[Wed Jun 02 13:57:08.223319 2021] [wsgi:error] [pid 23307:tid 140669330892544] [client 103.132.57.54:48818] OSError: Apache/mod_wsgi failed to write response data: Connection reset by peer., referer: http://141.136.47.43/
[Wed Jun 02 13:57:08.234415 2021] [wsgi:error] [pid 23307:tid 140669322499840] [client 103.132.57.54:48820] mod_wsgi (pid=23307): Exception occurred processing WSGI script '/var/www/devdootsena.org/app.wsgi'., referer: http://141.136.47.43/
[Wed Jun 02 13:57:08.234640 2021] [wsgi:error] [pid 23307:tid 140669322499840] [client 103.132.57.54:48820] OSError: Apache/mod_wsgi failed to write response data: Connection reset by peer., referer: http://141.136.47.43/
[Wed Jun 02 13:57:08.929761 2021] [wsgi:error] [pid 23307:tid 140669288929024] [client 103.132.57.54:48824] mod_wsgi (pid=23307): Exception occurred processing WSGI script '/var/www/devdootsena.org/app.wsgi'., referer: http://141.136.47.43/
[Wed Jun 02 13:57:08.929986 2021] [wsgi:error] [pid 23307:tid 140669288929024] [client 103.132.57.54:48824] OSError: Apache/mod_wsgi failed to write response data: Connection reset by peer., referer: http://141.136.47.43/
[Wed Jun 02 14:04:40.238131 2021] [wsgi:error] [pid 23307:tid 140669205001984] [client 103.132.57.54:49466] <SecureCookieSession {}>
[Wed Jun 02 14:16:07.394543 2021] [wsgi:error] [pid 23307:tid 140669230180096] [client 103.132.57.54:50282] <SecureCookieSession {}>
[Wed Jun 02 14:44:21.251877 2021] [wsgi:error] [pid 23307:tid 140669330892544] [client 162.158.227.195:25922] <SecureCookieSession {}>
[Wed Jun 02 14:45:04.395278 2021] [wsgi:error] [pid 23307:tid 140669330892544] [client 162.158.227.195:15054] <SecureCookieSession {}>
[Wed Jun 02 14:45:17.733738 2021] [wsgi:error] [pid 23307:tid 140669372856064] [client 162.158.227.195:28590] <SecureCookieSession {}>, referer: https://www.devdootsena.org/volunteer_list
[Wed Jun 02 14:46:19.976675 2021] [wsgi:error] [pid 23307:tid 140669205001984] [client 162.158.227.123:42110] <SecureCookieSession {}>
[Wed Jun 02 14:46:35.139658 2021] [wsgi:error] [pid 23307:tid 140669238572800] [client 141.101.69.32:62560] <SecureCookieSession {}>
[Wed Jun 02 14:47:39.933058 2021] [wsgi:error] [pid 23307:tid 140669246965504] [client 162.158.227.195:18810] <SecureCookieSession {}>, referer: https://www.devdootsena.org/
[Wed Jun 02 14:47:53.480593 2021] [wsgi:error] [pid 23307:tid 140669322499840] [client 141.101.69.32:61696] <SecureCookieSession {}>
[Wed Jun 02 14:49:01.876417 2021] [wsgi:error] [pid 23307:tid 140669179823872] [client 162.158.227.195:46748] <SecureCookieSession {}>, referer: https://www.devdootsena.org/
[Wed Jun 02 14:49:08.192207 2021] [wsgi:error] [pid 23307:tid 140669347677952] [client 106.193.181.89:63468] <SecureCookieSession {}>, referer: http://141.136.47.43/
[Wed Jun 02 14:53:03.144292 2021] [wsgi:error] [pid 23307:tid 140669188216576] [client 162.158.227.195:26340] <SecureCookieSession {}>, referer: https://www.devdootsena.org/
[Wed Jun 02 14:53:10.284766 2021] [wsgi:error] [pid 23307:tid 140669356070656] [client 162.158.227.195:33306] <SecureCookieSession {}>, referer: https://www.devdootsena.org/signup
[Wed Jun 02 14:58:25.958791 2021] [wsgi:error] [pid 26866:tid 140669455881984] [client 162.158.227.195:39108] <SecureCookieSession {}>, referer: https://www.devdootsena.org/signup
[Wed Jun 02 14:58:29.968787 2021] [wsgi:error] [pid 26866:tid 140669364463360] [client 162.158.227.195:43860] <SecureCookieSession {}>, referer: https://www.devdootsena.org/signup
[Wed Jun 02 14:58:33.342029 2021] [wsgi:error] [pid 26866:tid 140669314107136] [client 162.158.227.195:46954] <SecureCookieSession {}>, referer: https://www.devdootsena.org/
[Wed Jun 02 14:58:37.160637 2021] [wsgi:error] [pid 26866:tid 140669272143616] [client 162.158.227.194:41498] <SecureCookieSession {}>, referer: https://www.devdootsena.org/
[Wed Jun 02 14:58:49.075033 2021] [wsgi:error] [pid 26866:tid 140669205001984] [client 162.158.227.195:63722] <SecureCookieSession {}>, referer: https://www.devdootsena.org/blogs
[Wed Jun 02 14:59:08.265515 2021] [wsgi:error] [pid 26866:tid 140669288929024] [client 162.158.227.195:25572] <SecureCookieSession {}>, referer: https://www.devdootsena.org/
[Wed Jun 02 15:21:50.387139 2021] [wsgi:error] [pid 26866:tid 140669246965504] [client 172.68.155.183:23894] <SecureCookieSession {}>, referer: https://www.devdootsena.org/
[Wed Jun 02 15:21:53.847197 2021] [wsgi:error] [pid 26866:tid 140669230180096] [client 172.68.155.183:27408] <SecureCookieSession {}>, referer: https://www.devdootsena.org/
[Wed Jun 02 15:22:40.572019 2021] [wsgi:error] [pid 26866:tid 140669330892544] [client 172.68.155.183:23950] <SecureCookieSession {}>, referer: https://www.devdootsena.org/
[Wed Jun 02 15:27:17.929672 2021] [wsgi:error] [pid 26866:tid 140669280536320] [client 108.162.229.43:55096] <SecureCookieSession {}>
[Wed Jun 02 15:27:35.060893 2021] [wsgi:error] [pid 26866:tid 140669238572800] [client 108.162.229.43:25180] <SecureCookieSession {}>
[Wed Jun 02 15:33:20.372382 2021] [wsgi:error] [pid 26866:tid 140669205001984] [client 170.244.188.26:52528] <SecureCookieSession {}>
[Wed Jun 02 15:35:54.242584 2021] [wsgi:error] [pid 26866:tid 140669297321728] [client 162.158.227.27:30586] <SecureCookieSession {}>
[Wed Jun 02 15:37:20.721151 2021] [wsgi:error] [pid 26866:tid 140669330892544] [client 108.162.229.43:38156] <SecureCookieSession {}>, referer: https://www.devdootsena.org/blogs
[Wed Jun 02 15:38:35.857808 2021] [wsgi:error] [pid 26866:tid 140669322499840] [client 141.101.69.250:42534] <SecureCookieSession {}>, referer: https://www.devdootsena.org/volunteer_list
[Wed Jun 02 15:38:44.889106 2021] [wsgi:error] [pid 26866:tid 140669238572800] [client 162.158.227.143:13024] <SecureCookieSession {}>
[Wed Jun 02 15:38:47.041094 2021] [wsgi:error] [pid 26866:tid 140669230180096] [client 141.101.69.249:18402] <SecureCookieSession {}>, referer: https://www.devdootsena.org/
[Wed Jun 02 15:38:47.448889 2021] [wsgi:error] [pid 26866:tid 140669246965504] [client 162.158.227.143:15340] <SecureCookieSession {}>
[Wed Jun 02 15:38:48.997425 2021] [wsgi:error] [pid 26866:tid 140669255358208] [client 162.158.227.143:13024] <SecureCookieSession {}>
[Wed Jun 02 15:38:50.284036 2021] [wsgi:error] [pid 26866:tid 140669221787392] [client 141.101.69.216:32308] <SecureCookieSession {}>
[Wed Jun 02 15:38:58.243979 2021] [wsgi:error] [pid 26866:tid 140669364463360] [client 141.101.69.156:17954] <SecureCookieSession {}>
[Wed Jun 02 15:39:52.207354 2021] [wsgi:error] [pid 26866:tid 140669455881984] [client 172.68.155.183:38854] <SecureCookieSession {}>
[Wed Jun 02 15:40:30.561485 2021] [wsgi:error] [pid 26866:tid 140669455881984] [client 162.158.227.123:63520] <SecureCookieSession {}>
[Wed Jun 02 15:40:51.522643 2021] [wsgi:error] [pid 26866:tid 140669322499840] [client 172.68.155.183:51272] <SecureCookieSession {}>
[Wed Jun 02 15:40:53.910263 2021] [wsgi:error] [pid 26866:tid 140669330892544] [client 141.101.69.176:26898] <SecureCookieSession {}>
[Wed Jun 02 15:41:22.774694 2021] [wsgi:error] [pid 26866:tid 140669280536320] [client 172.68.155.185:33932] <SecureCookieSession {}>
[Wed Jun 02 15:42:46.580530 2021] [wsgi:error] [pid 26866:tid 140669205001984] [client 162.158.227.123:36040] <SecureCookieSession {}>
[Wed Jun 02 15:43:21.379887 2021] [wsgi:error] [pid 26866:tid 140669179823872] [client 162.158.235.60:60980] <SecureCookieSession {}>
[Wed Jun 02 15:43:25.972931 2021] [wsgi:error] [pid 26866:tid 140669339285248] [client 162.158.235.60:9076] <SecureCookieSession {}>, referer: https://www.devdootsena.org/
[Wed Jun 02 15:44:27.449656 2021] [wsgi:error] [pid 26866:tid 140669314107136] [client 162.158.227.143:26908] <SecureCookieSession {}>
[Wed Jun 02 15:44:49.653153 2021] [wsgi:error] [pid 26866:tid 140669263750912] [client 172.68.155.171:16578] <SecureCookieSession {}>
[Wed Jun 02 15:44:58.612187 2021] [wsgi:error] [pid 26866:tid 140669272143616] [client 162.158.235.26:34606] <SecureCookieSession {}>, referer: https://www.devdootsena.org/blogs
[Wed Jun 02 15:45:00.582988 2021] [wsgi:error] [pid 26866:tid 140669255358208] [client 172.68.155.170:30352] <SecureCookieSession {}>, referer: https://www.devdootsena.org/
[Wed Jun 02 15:45:06.282816 2021] [wsgi:error] [pid 26866:tid 140669280536320] [client 162.158.235.26:42736] <SecureCookieSession {}>, referer: https://www.devdootsena.org/blogs
[Wed Jun 02 15:45:58.012905 2021] [wsgi:error] [pid 26866:tid 140669263750912] [client 157.41.78.223:43034] <SecureCookieSession {}>
[Wed Jun 02 15:46:00.069748 2021] [wsgi:error] [pid 26866:tid 140669356070656] [client 49.44.83.4:39666] <SecureCookieSession {}>, referer: https://www.google.com/
[Wed Jun 02 15:46:32.218553 2021] [wsgi:error] [pid 26866:tid 140669297321728] [client 172.68.155.171:10504] <SecureCookieSession {}>, referer: https://www.devdootsena.org/
[Wed Jun 02 15:51:32.681057 2021] [wsgi:error] [pid 26866:tid 140669455881984] [client 162.158.159.75:48618] <SecureCookieSession {}>
[Wed Jun 02 15:52:01.254485 2021] [wsgi:error] [pid 26866:tid 140669314107136] [client 108.162.229.43:11058] <SecureCookieSession {}>
[Wed Jun 02 15:52:19.401855 2021] [wsgi:error] [pid 26866:tid 140669339285248] [client 162.158.23.48:11060] <SecureCookieSession {}>
[Wed Jun 02 15:52:24.485100 2021] [wsgi:error] [pid 26866:tid 140669213394688] [client 141.101.69.66:43914] <SecureCookieSession {}>
[Wed Jun 02 15:52:40.205658 2021] [wsgi:error] [pid 26866:tid 140669455881984] [client 162.158.88.7:30556] <SecureCookieSession {}>
[Wed Jun 02 15:52:59.811016 2021] [wsgi:error] [pid 26866:tid 140669188216576] [client 162.158.22.113:64400] <SecureCookieSession {}>
[Wed Jun 02 15:53:00.926924 2021] [wsgi:error] [pid 26866:tid 140669196609280] [client 162.158.22.112:48696] <SecureCookieSession {}>
[Wed Jun 02 15:53:51.429927 2021] [wsgi:error] [pid 26866:tid 140669188216576] [client 162.158.23.48:15254] <SecureCookieSession {}>
[Wed Jun 02 15:54:15.375329 2021] [wsgi:error] [pid 26866:tid 140669205001984] [client 162.158.227.123:28540] <SecureCookieSession {}>
[Wed Jun 02 15:55:36.351971 2021] [wsgi:error] [pid 26866:tid 140669364463360] [client 108.162.229.43:12536] <SecureCookieSession {}>, referer: https://www.devdootsena.org/volunteer_list
[Wed Jun 02 15:55:49.722089 2021] [wsgi:error] [pid 26866:tid 140669297321728] [client 162.158.22.113:54970] <SecureCookieSession {}>
[Wed Jun 02 15:55:51.708211 2021] [wsgi:error] [pid 26866:tid 140669314107136] [client 108.162.229.43:36278] <SecureCookieSession {}>, referer: https://www.devdootsena.org/
[Wed Jun 02 15:59:01.083407 2021] [wsgi:error] [pid 26866:tid 140669372856064] [client 108.162.229.43:42020] <SecureCookieSession {}>, referer: https://www.devdootsena.org/login
[Wed Jun 02 16:02:05.868712 2021] [wsgi:error] [pid 26866:tid 140669305714432] [client 162.158.22.113:20346] <SecureCookieSession {}>
[Wed Jun 02 16:02:13.433376 2021] [wsgi:error] [pid 26866:tid 140669230180096] [client 162.158.88.123:38796] <SecureCookieSession {}>
[Wed Jun 02 16:02:14.313446 2021] [wsgi:error] [pid 26866:tid 140669272143616] [client 162.158.91.72:63542] mod_wsgi (pid=26866): Exception occurred processing WSGI script '/var/www/devdootsena.org/app.wsgi'., referer: https://www.devdootsena.org/
[Wed Jun 02 16:02:14.313649 2021] [wsgi:error] [pid 26866:tid 140669272143616] [client 162.158.91.72:63542] OSError: Apache/mod_wsgi failed to write response data: Connection reset by peer., referer: https://www.devdootsena.org/
[Wed Jun 02 16:02:14.463826 2021] [wsgi:error] [pid 26866:tid 140669246965504] [client 162.158.88.147:51200] mod_wsgi (pid=26866): Exception occurred processing WSGI script '/var/www/devdootsena.org/app.wsgi'., referer: https://www.devdootsena.org/
[Wed Jun 02 16:02:14.463993 2021] [wsgi:error] [pid 26866:tid 140669246965504] [client 162.158.88.147:51200] OSError: Apache/mod_wsgi failed to write response data: Broken pipe., referer: https://www.devdootsena.org/
[Wed Jun 02 16:02:33.282952 2021] [wsgi:error] [pid 26866:tid 140669339285248] [client 108.162.229.42:37912] <SecureCookieSession {}>
[Wed Jun 02 16:02:38.995377 2021] [wsgi:error] [pid 26866:tid 140669213394688] [client 108.162.229.43:45790] <SecureCookieSession {}>
[Wed Jun 02 16:03:23.680692 2021] [wsgi:error] [pid 26866:tid 140669297321728] [client 108.162.229.237:51798] <SecureCookieSession {}>
[Wed Jun 02 16:03:24.359351 2021] [wsgi:error] [pid 26866:tid 140669314107136] [client 162.158.22.113:40038] <SecureCookieSession {}>
[Wed Jun 02 16:03:40.435013 2021] [wsgi:error] [pid 26866:tid 140669263750912] [client 162.158.88.123:58478] <SecureCookieSession {}>
[Wed Jun 02 16:03:43.483147 2021] [wsgi:error] [pid 26866:tid 140669455881984] [client 162.158.227.109:28008] <SecureCookieSession {}>
[Wed Jun 02 16:03:46.196978 2021] [wsgi:error] [pid 26866:tid 140669255358208] [client 162.158.227.187:33366] <SecureCookieSession {}>
[Wed Jun 02 16:04:16.556148 2021] [wsgi:error] [pid 26866:tid 140669364463360] [client 172.69.135.32:63422] <SecureCookieSession {}>
[Wed Jun 02 16:04:19.432623 2021] [wsgi:error] [pid 26866:tid 140669330892544] [client 172.69.135.29:22602] <SecureCookieSession {}>
[Wed Jun 02 16:08:10.524823 2021] [wsgi:error] [pid 26866:tid 140669372856064] [client 172.68.155.183:61784] <SecureCookieSession {}>
[Wed Jun 02 16:14:58.860086 2021] [wsgi:error] [pid 26866:tid 140669364463360] [client 162.158.22.113:40920] <SecureCookieSession {}>
[Wed Jun 02 16:16:25.019979 2021] [wsgi:error] [pid 26866:tid 140669339285248] [client 162.158.22.11:20696] <SecureCookieSession {}>
[Wed Jun 02 16:16:28.850447 2021] [wsgi:error] [pid 26866:tid 140669230180096] [client 162.158.23.48:28356] <SecureCookieSession {}>, referer: https://www.devdootsena.org/
[Wed Jun 02 16:16:49.129068 2021] [wsgi:error] [pid 26866:tid 140669213394688] [client 162.158.23.48:42128] <SecureCookieSession {}>, referer: https://www.devdootsena.org/signup
[Wed Jun 02 16:18:26.082445 2021] [wsgi:error] [pid 26866:tid 140669238572800] [client 162.158.22.11:30950] <SecureCookieSession {}>, referer: https://www.devdootsena.org/blogs
[Wed Jun 02 16:18:40.474632 2021] [wsgi:error] [pid 26866:tid 140669339285248] [client 162.158.22.11:45606] <SecureCookieSession {}>, referer: https://www.devdootsena.org/blogs
[Wed Jun 02 16:18:45.394205 2021] [wsgi:error] [pid 26866:tid 140669364463360] [client 162.158.23.42:51748] <SecureCookieSession {}>
[Wed Jun 02 16:19:05.830970 2021] [wsgi:error] [pid 26866:tid 140669179823872] [client 162.158.22.11:16312] <SecureCookieSession {}>, referer: https://www.devdootsena.org/blogs
[Wed Jun 02 16:19:12.100650 2021] [wsgi:error] [pid 26866:tid 140669372856064] [client 162.158.22.11:22996] <SecureCookieSession {}>, referer: https://www.devdootsena.org/
[Wed Jun 02 16:19:22.079025 2021] [wsgi:error] [pid 26866:tid 140669347677952] [client 162.158.22.11:33414] <SecureCookieSession {}>, referer: https://www.devdootsena.org/
[Wed Jun 02 16:27:58.975210 2021] [wsgi:error] [pid 26866:tid 140669238572800] [client 162.158.227.187:40094] <SecureCookieSession {}>
[Wed Jun 02 16:41:23.513368 2021] [wsgi:error] [pid 26866:tid 140669230180096] [client 162.158.93.112:53174] <SecureCookieSession {}>
[Wed Jun 02 16:41:45.846246 2021] [wsgi:error] [pid 26866:tid 140669263750912] [client 162.158.22.11:55364] <SecureCookieSession {}>
[Wed Jun 02 16:42:32.760782 2021] [wsgi:error] [pid 26866:tid 140669179823872] [client 139.59.191.182:45514] <SecureCookieSession {}>
[Wed Jun 02 16:42:42.247644 2021] [wsgi:error] [pid 26866:tid 140669196609280] [client 162.158.23.48:41432] <SecureCookieSession {}>
[Wed Jun 02 17:11:57.263550 2021] [wsgi:error] [pid 26866:tid 140669188216576] [client 162.158.23.48:49796] <SecureCookieSession {}>
[Wed Jun 02 17:13:40.300542 2021] [wsgi:error] [pid 26866:tid 140669347677952] [client 162.158.23.48:65378] <SecureCookieSession {}>, referer: https://www.devdootsena.org/volunteer_list
[Wed Jun 02 17:17:22.385855 2021] [wsgi:error] [pid 26866:tid 140669314107136] [client 162.158.227.195:33026] <SecureCookieSession {}>
[Wed Jun 02 17:17:23.791949 2021] [wsgi:error] [pid 26866:tid 140669246965504] [client 187.110.212.204:17602] <SecureCookieSession {}>
[Wed Jun 02 17:22:46.774378 2021] [wsgi:error] [pid 26866:tid 140669188216576] [client 162.158.235.74:48478] <SecureCookieSession {}>
[Wed Jun 02 17:22:58.514636 2021] [wsgi:error] [pid 26866:tid 140669455881984] [client 162.158.235.74:61444] <SecureCookieSession {}>
[Wed Jun 02 17:34:39.365184 2021] [wsgi:error] [pid 26866:tid 140669347677952] [client 108.162.229.43:41120] <SecureCookieSession {}>
[Wed Jun 02 18:20:36.154175 2021] [wsgi:error] [pid 26866:tid 140669255358208] [client 162.158.23.42:50122] <SecureCookieSession {}>
[Wed Jun 02 18:21:18.082755 2021] [wsgi:error] [pid 26866:tid 140669305714432] [client 172.68.144.30:24336] <SecureCookieSession {}>
[Wed Jun 02 18:21:40.637389 2021] [wsgi:error] [pid 26866:tid 140669196609280] [client 172.68.144.30:60124] <SecureCookieSession {}>, referer: https://www.devdootsena.org/volunteer_list
[Wed Jun 02 18:21:47.154405 2021] [wsgi:error] [pid 26866:tid 140669356070656] [client 162.158.23.48:9512] <SecureCookieSession {}>
[Wed Jun 02 18:22:06.306020 2021] [wsgi:error] [pid 26866:tid 140669372856064] [client 172.68.144.30:42358] <SecureCookieSession {}>, referer: https://www.devdootsena.org/blogs
[Wed Jun 02 18:22:07.360833 2021] [wsgi:error] [pid 26866:tid 140669356070656] [client 172.68.144.30:44210] <SecureCookieSession {}>, referer: https://www.devdootsena.org/
[Wed Jun 02 18:22:35.513247 2021] [wsgi:error] [pid 26866:tid 140669188216576] [client 162.158.23.51:38948] <SecureCookieSession {}>, referer: https://www.devdootsena.org/
[Wed Jun 02 18:23:20.708718 2021] [wsgi:error] [pid 26866:tid 140669330892544] [client 162.158.23.48:15370] <SecureCookieSession {}>, referer: https://www.devdootsena.org/blogs
[Wed Jun 02 18:23:59.299717 2021] [wsgi:error] [pid 26866:tid 140669280536320] [client 162.158.235.246:42080] <SecureCookieSession {}>
[Wed Jun 02 18:24:12.379923 2021] [wsgi:error] [pid 26866:tid 140669238572800] [client 162.158.23.48:50234] <SecureCookieSession {}>
[Wed Jun 02 18:28:11.458660 2021] [wsgi:error] [pid 26866:tid 140669255358208] [client 141.101.69.32:53192] <SecureCookieSession {}>
[Wed Jun 02 18:28:15.443078 2021] [wsgi:error] [pid 26866:tid 140669213394688] [client 141.101.69.32:58244] <SecureCookieSession {}>
[Wed Jun 02 18:34:22.718075 2021] [wsgi:error] [pid 26866:tid 140669356070656] [client 151.29.46.48:44818] <SecureCookieSession {}>
[Wed Jun 02 18:35:59.176038 2021] [wsgi:error] [pid 26866:tid 140669347677952] [client 162.158.227.143:15932] <SecureCookieSession {}>, referer: https://www.devdootsena.org/
[Wed Jun 02 18:39:12.662891 2021] [wsgi:error] [pid 26866:tid 140669230180096] [client 162.158.227.143:21204] <SecureCookieSession {}>
[Wed Jun 02 18:39:19.265694 2021] [wsgi:error] [pid 26866:tid 140669339285248] [client 162.158.227.143:27140] <SecureCookieSession {}>
[Wed Jun 02 18:51:29.434805 2021] [wsgi:error] [pid 26866:tid 140669297321728] [client 162.158.235.60:16154] <SecureCookieSession {}>
[Wed Jun 02 19:45:47.361381 2021] [wsgi:error] [pid 26866:tid 140669347677952] [client 159.65.39.0:37328] <SecureCookieSession {}>
[Wed Jun 02 22:24:16.035814 2021] [wsgi:error] [pid 26866:tid 140669238572800] [client 108.162.229.237:49620] <SecureCookieSession {}>
[Thu Jun 03 01:18:30.790821 2021] [wsgi:error] [pid 26866:tid 140669238572800] [client 45.148.10.50:49464] <SecureCookieSession {}>
[Thu Jun 03 01:23:19.030147 2021] [wsgi:error] [pid 26866:tid 140669305714432] [client 172.69.34.135:30994] <SecureCookieSession {}>
[Thu Jun 03 01:23:50.664379 2021] [wsgi:error] [pid 26866:tid 140669455881984] [client 172.69.33.108:64954] <SecureCookieSession {}>
[Thu Jun 03 02:10:25.607109 2021] [wsgi:error] [pid 26866:tid 140669213394688] [client 139.99.69.141:59172] <SecureCookieSession {}>
[Thu Jun 03 03:35:11.208066 2021] [wsgi:error] [pid 26866:tid 140669196609280] [client 172.70.119.141:26238] <SecureCookieSession {}>
[Thu Jun 03 03:36:03.399140 2021] [wsgi:error] [pid 26866:tid 140669356070656] [client 172.70.119.141:10928] {'country_code': '+91', 'date_account_created': '31/05/2021', 'is_account_active': 1, 'mob_num': '9793221385', 'name': 'Harsh Mishra', 'password': 'a665a45920422f9d417e4867efdc4fb8a04a1f3fff1fa07e998e86f7f7a27ae3', 'raised_requests': {'-Mb2v3tZN5QAuKrBSnaY': {'city': 'Bargarh', 'date': '31/05/2021', 'is_archive': 0, 'issue': 'So this is a thread for testing our deployment. How is this working?', 'issue_subject': 'Testing via Deployment', 'pin_code': '300012', 'status': 0}}, 'time_account_created': '19:32:54'}, referer: https://www.devdootsena.org/login
[Thu Jun 03 03:36:03.399512 2021] [wsgi:error] [pid 26866:tid 140669356070656] [client 172.70.119.141:10928] <SecureCookieSession {'logged_in': True, 'username': 'Harsh Mishra', 'mob_num': '9793221385', 'country_code': '+91', 'user_id': '-Mb2ua2r9EI4Y5JuXlb1', 'is_admin': False, '_flashes': [('success', 'Welcome Harsh Mishra!')]}>, referer: https://www.devdootsena.org/login
[Thu Jun 03 03:36:04.345896 2021] [wsgi:error] [pid 26866:tid 140669322499840] [client 172.70.119.141:12176] <SecureCookieSession {'_flashes': [('success', 'Welcome Harsh Mishra!')], 'country_code': '+91', 'is_admin': False, 'logged_in': True, 'mob_num': '9793221385', 'user_id': '-Mb2ua2r9EI4Y5JuXlb1', 'username': 'Harsh Mishra'}>
[Thu Jun 03 03:37:17.071507 2021] [wsgi:error] [pid 26866:tid 140669272143616] [client 172.70.122.185:37862] -Mb2v3tZN5QAuKrBSnaY, referer: https://www.devdootsena.org/my_raised_request
[Thu Jun 03 03:38:56.061136 2021] [wsgi:error] [pid 26866:tid 140669280536320] [client 103.22.201.163:20564] <SecureCookieSession {'_flashes': [('success', 'You are now logged out')]}>
[Thu Jun 03 05:18:30.030507 2021] [wsgi:error] [pid 26866:tid 140669372856064] [client 162.158.235.48:19218] <SecureCookieSession {}>
[Thu Jun 03 08:01:26.767511 2021] [wsgi:error] [pid 26866:tid 140669246965504] [client 162.158.235.60:34152] <SecureCookieSession {}>
[Thu Jun 03 08:01:49.338196 2021] [wsgi:error] [pid 26866:tid 140669230180096] [client 162.158.235.60:57030] <SecureCookieSession {}>, referer: https://www.devdootsena.org/volunteer_list
[Thu Jun 03 08:01:56.027157 2021] [wsgi:error] [pid 26866:tid 140669221787392] [client 162.158.235.60:63512] <SecureCookieSession {}>, referer: https://www.devdootsena.org/
[Thu Jun 03 08:02:19.479878 2021] [wsgi:error] [pid 26866:tid 140669280536320] [client 162.158.235.60:30694] <SecureCookieSession {}>, referer: https://www.devdootsena.org/volunteer_list
[Thu Jun 03 08:02:41.347293 2021] [wsgi:error] [pid 26866:tid 140669213394688] [client 162.158.235.60:52438] <SecureCookieSession {}>, referer: https://www.devdootsena.org/volunteer_list
[Thu Jun 03 08:08:22.304700 2021] [wsgi:error] [pid 26866:tid 140669372856064] [client 172.68.155.185:9722] <SecureCookieSession {}>
[Thu Jun 03 08:09:04.237621 2021] [wsgi:error] [pid 26866:tid 140669314107136] [client 172.68.155.185:57764] <SecureCookieSession {}>, referer: https://www.devdootsena.org/login
[Thu Jun 03 08:25:59.166521 2021] [wsgi:error] [pid 26866:tid 140669314107136] [client 104.34.183.141:44040] <SecureCookieSession {}>
[Thu Jun 03 08:28:11.045002 2021] [wsgi:error] [pid 26866:tid 140669288929024] [client 122.228.19.80:1879] <SecureCookieSession {}>
[Thu Jun 03 09:19:52.257013 2021] [wsgi:error] [pid 26866:tid 140669288929024] [client 172.68.155.171:63882] <SecureCookieSession {}>, referer: https://www.devdootsena.org/
[Thu Jun 03 09:19:56.737910 2021] [wsgi:error] [pid 26866:tid 140669188216576] [client 172.68.155.171:12544] <SecureCookieSession {}>, referer: https://www.devdootsena.org/
[Thu Jun 03 09:20:00.729441 2021] [wsgi:error] [pid 26866:tid 140669230180096] [client 172.68.155.171:16834] <SecureCookieSession {}>, referer: https://www.devdootsena.org/
[Thu Jun 03 09:21:11.148423 2021] [wsgi:error] [pid 26866:tid 140669314107136] [client 172.68.155.171:42946] <SecureCookieSession {}>
[Thu Jun 03 09:25:20.725329 2021] [wsgi:error] [pid 26866:tid 140669246965504] [client 172.68.155.171:53982] <SecureCookieSession {}>, referer: https://www.devdootsena.org/blogs
[Thu Jun 03 09:25:33.046009 2021] [wsgi:error] [pid 26866:tid 140669188216576] [client 172.68.155.171:13194] <SecureCookieSession {}>, referer: https://www.devdootsena.org/volunteer_list
[Thu Jun 03 09:32:42.456107 2021] [wsgi:error] [pid 26866:tid 140669322499840] [client 186.33.76.12:60722] <SecureCookieSession {}>
[Thu Jun 03 11:18:32.020926 2021] [wsgi:error] [pid 26866:tid 140669221787392] [client 45.148.10.50:53596] <SecureCookieSession {}>
[Thu Jun 03 13:26:56.134356 2021] [wsgi:error] [pid 26866:tid 140669238572800] [client 45.187.112.195:25151] <SecureCookieSession {}>
[Thu Jun 03 13:56:02.534308 2021] [wsgi:error] [pid 26866:tid 140669305714432] [client 162.158.23.51:18058] <SecureCookieSession {}>
[Thu Jun 03 15:00:59.726243 2021] [wsgi:error] [pid 26866:tid 140669188216576] [client 162.158.227.239:65372] <SecureCookieSession {}>, referer: https://www.devdootsena.org/
[Thu Jun 03 15:01:02.139674 2021] [wsgi:error] [pid 26866:tid 140669314107136] [client 162.158.227.239:11076] <SecureCookieSession {}>, referer: https://www.devdootsena.org/
[Thu Jun 03 15:01:04.917615 2021] [wsgi:error] [pid 26866:tid 140669238572800] [client 162.158.227.239:13652] <SecureCookieSession {}>, referer: https://www.devdootsena.org/
[Thu Jun 03 15:55:53.718428 2021] [wsgi:error] [pid 26866:tid 140669356070656] [client 186.33.113.170:43866] <SecureCookieSession {}>
[Thu Jun 03 16:50:06.244380 2021] [wsgi:error] [pid 26866:tid 140669364463360] [client 167.248.133.38:39228] <SecureCookieSession {}>
[Thu Jun 03 17:12:12.068029 2021] [wsgi:error] [pid 26866:tid 140669305714432] [client 162.158.22.113:55946] <SecureCookieSession {}>
[Thu Jun 03 17:35:10.408529 2021] [wsgi:error] [pid 26866:tid 140669188216576] [client 162.158.227.239:20744] <SecureCookieSession {}>
[Thu Jun 03 17:36:44.026176 2021] [wsgi:error] [pid 26866:tid 140669339285248] [client 185.64.137.232:41989] <SecureCookieSession {}>
[Thu Jun 03 18:14:30.664130 2021] [wsgi:error] [pid 26866:tid 140669356070656] [client 162.158.235.74:58082] <SecureCookieSession {}>
[Thu Jun 03 18:14:57.527424 2021] [wsgi:error] [pid 26866:tid 140669356070656] [client 162.158.235.74:27376] <SecureCookieSession {}>, referer: https://www.devdootsena.org/
[Thu Jun 03 18:15:01.290181 2021] [wsgi:error] [pid 26866:tid 140669330892544] [client 162.158.235.74:30778] <SecureCookieSession {}>, referer: https://www.devdootsena.org/
[Thu Jun 03 19:33:14.862529 2021] [wsgi:error] [pid 26866:tid 140669347677952] [client 190.111.182.29:37340] <SecureCookieSession {}>
[Thu Jun 03 19:34:23.762589 2021] [wsgi:error] [pid 26866:tid 140669196609280] [client 186.33.111.183:48283] <SecureCookieSession {}>
[Thu Jun 03 19:43:50.623241 2021] [wsgi:error] [pid 26866:tid 140669364463360] [client 104.200.28.150:52022] <SecureCookieSession {}>
[Thu Jun 03 20:07:36.249952 2021] [wsgi:error] [pid 26866:tid 140669205001984] [client 81.168.109.41:51846] <SecureCookieSession {}>
[Thu Jun 03 20:12:36.649041 2021] [wsgi:error] [pid 26866:tid 140669356070656] [client 139.99.69.141:43162] <SecureCookieSession {}>
[Thu Jun 03 21:18:10.443628 2021] [wsgi:error] [pid 26866:tid 140669297321728] [client 176.120.208.50:38169] <SecureCookieSession {}>
[Thu Jun 03 23:07:40.442612 2021] [wsgi:error] [pid 26866:tid 140669288929024] [client 77.247.127.100:55379] <SecureCookieSession {}>
[Thu Jun 03 23:07:40.662204 2021] [wsgi:error] [pid 26866:tid 140669238572800] [client 77.247.127.100:55379] <SecureCookieSession {}>
[Thu Jun 03 23:07:42.365576 2021] [wsgi:error] [pid 26866:tid 140669305714432] [client 77.247.127.100:55379] <SecureCookieSession {}>
[Fri Jun 04 00:21:55.456861 2021] [wsgi:error] [pid 26866:tid 140669280536320] [client 186.33.111.104:56652] <SecureCookieSession {}>
[Fri Jun 04 01:01:59.718130 2021] [wsgi:error] [pid 26866:tid 140669238572800] [client 34.152.5.73:47284] <SecureCookieSession {}>
[Fri Jun 04 02:13:02.490143 2021] [wsgi:error] [pid 26866:tid 140669246965504] [client 162.158.165.63:24240] <SecureCookieSession {}>
[Fri Jun 04 02:40:27.588340 2021] [wsgi:error] [pid 26866:tid 140669297321728] [client 217.181.184.25:44161] <SecureCookieSession {}>
[Fri Jun 04 02:40:27.677226 2021] [wsgi:error] [pid 26866:tid 140669280536320] [client 217.181.184.25:44161] <SecureCookieSession {}>
[Fri Jun 04 03:17:32.879842 2021] [wsgi:error] [pid 26866:tid 140669288929024] [client 199.19.224.153:57468] <SecureCookieSession {}>
[Fri Jun 04 04:28:50.388992 2021] [wsgi:error] [pid 26866:tid 140669213394688] [client 45.148.10.50:45152] <SecureCookieSession {}>
[Fri Jun 04 05:29:19.604382 2021] [wsgi:error] [pid 26866:tid 140669221787392] [client 45.146.164.48:53532] <SecureCookieSession {}>
[Fri Jun 04 06:27:45.441204 2021] [wsgi:error] [pid 26866:tid 140669297321728] [client 172.69.63.21:10662] <SecureCookieSession {}>
[Fri Jun 04 06:35:56.420186 2021] [wsgi:error] [pid 26866:tid 140669330892544] [client 172.69.63.22:27240] <SecureCookieSession {}>
[Fri Jun 04 07:01:11.707341 2021] [wsgi:error] [pid 26866:tid 140669238572800] [client 162.158.89.82:46652] <SecureCookieSession {}>
[Fri Jun 04 07:01:12.331986 2021] [wsgi:error] [pid 26866:tid 140669230180096] [client 162.158.88.7:15528] <SecureCookieSession {}>
[Fri Jun 04 07:23:08.629396 2021] [wsgi:error] [pid 26866:tid 140669188216576] [client 162.158.235.246:24618] <SecureCookieSession {}>
[Fri Jun 04 07:24:00.676233 2021] [wsgi:error] [pid 26866:tid 140669322499840] [client 162.158.235.26:26960] <SecureCookieSession {}>, referer: https://www.devdootsena.org/volunteer_list
[Fri Jun 04 07:26:16.151994 2021] [wsgi:error] [pid 26866:tid 140669364463360] [client 162.158.235.60:60354] <SecureCookieSession {}>, referer: https://www.devdootsena.org/
[Fri Jun 04 07:57:15.182514 2021] [wsgi:error] [pid 26866:tid 140669280536320] [client 162.158.235.74:31576] {'country_code': '+91', 'date_account_created': '04/06/2021', 'is_account_active': 1, 'mob_num': '8249596758', 'name': 'RAJA SINGH', 'password': '4a155ae49adf51301ffd88bcd6a2461f0aef863ec23469f93eb2155f890bb359', 'raised_requests': '', 'time_account_created': '07:56:41'}, referer: https://www.devdootsena.org/login
[Fri Jun 04 07:57:15.182722 2021] [wsgi:error] [pid 26866:tid 140669280536320] [client 162.158.235.74:31576] <SecureCookieSession {'country_code': '+91', 'current_otp': '971414', 'current_time': -1, 'is_login_signup': True, 'mob_num': '8249596758', 'verify_user_details': {'country_code': '+91', 'date_account_created': '04/06/2021', 'is_account_active': 1, 'mob_num': '8249596758', 'name': 'RAJA SINGH', 'password': '4a155ae49adf51301ffd88bcd6a2461f0aef863ec23469f93eb2155f890bb359', 'raised_requests': '', 'time_account_created': '07:56:41'}, 'wrong_otp_count': 0, 'logged_in': True, 'username': 'RAJA SINGH', 'user_id': '-MbL0bAlpBLgMqPl0zeO', 'is_admin': False, '_flashes': [('success', 'Welcome RAJA SINGH!')]}>, referer: https://www.devdootsena.org/login
[Fri Jun 04 07:57:15.462939 2021] [wsgi:error] [pid 26866:tid 140669364463360] [client 162.158.235.74:31576] <SecureCookieSession {'_flashes': [('success', 'Welcome RAJA SINGH!')], 'country_code': '+91', 'current_otp': '971414', 'current_time': -1, 'is_admin': False, 'is_login_signup': True, 'logged_in': True, 'mob_num': '8249596758', 'user_id': '-MbL0bAlpBLgMqPl0zeO', 'username': 'RAJA SINGH', 'verify_user_details': {'country_code': '+91', 'date_account_created': '04/06/2021', 'is_account_active': 1, 'mob_num': '8249596758', 'name': 'RAJA SINGH', 'password': '4a155ae49adf51301ffd88bcd6a2461f0aef863ec23469f93eb2155f890bb359', 'raised_requests': '', 'time_account_created': '07:56:41'}, 'wrong_otp_count': 0}>
[Fri Jun 04 07:58:50.330382 2021] [wsgi:error] [pid 26866:tid 140669179823872] [client 162.158.235.26:38442] <SecureCookieSession {'country_code': '+91', 'current_otp': '971414', 'current_time': -1, 'is_admin': False, 'is_login_signup': True, 'logged_in': True, 'mob_num': '8249596758', 'user_id': '-MbL0bAlpBLgMqPl0zeO', 'username': 'RAJA SINGH', 'verify_user_details': {'country_code': '+91', 'date_account_created': '04/06/2021', 'is_account_active': 1, 'mob_num': '8249596758', 'name': 'RAJA SINGH', 'password': '4a155ae49adf51301ffd88bcd6a2461f0aef863ec23469f93eb2155f890bb359', 'raised_requests': '', 'time_account_created': '07:56:41'}, 'wrong_otp_count': 0}>, referer: https://www.devdootsena.org/volunteer_list
[Fri Jun 04 08:45:40.646202 2021] [wsgi:error] [pid 26866:tid 140669314107136] [client 62.240.7.42:46348] <SecureCookieSession {}>
[Fri Jun 04 08:47:19.201483 2021] [wsgi:error] [pid 26866:tid 140669297321728] [client 162.158.187.212:33726] <SecureCookieSession {}>, referer: http://172.67.222.49
[Fri Jun 04 09:33:41.558076 2021] [wsgi:error] [pid 26866:tid 140669230180096] [client 154.73.26.11:49910] <SecureCookieSession {}>
[Fri Jun 04 10:14:01.054024 2021] [wsgi:error] [pid 26866:tid 140669205001984] [client 31.202.96.200:54277] <SecureCookieSession {}>
[Fri Jun 04 10:39:15.739122 2021] [wsgi:error] [pid 26866:tid 140669347677952] [client 43.228.125.172:58000] <SecureCookieSession {}>
[Fri Jun 04 10:43:07.279856 2021] [wsgi:error] [pid 26866:tid 140669314107136] [client 45.148.10.50:56052] <SecureCookieSession {}>
[Fri Jun 04 10:49:59.752223 2021] [wsgi:error] [pid 26866:tid 140669364463360] [client 162.158.227.27:36012] <SecureCookieSession {}>
[Fri Jun 04 10:51:17.864262 2021] [wsgi:error] [pid 26866:tid 140669322499840] [client 162.158.235.60:36934] <SecureCookieSession {}>
[Fri Jun 04 11:09:58.298399 2021] [wsgi:error] [pid 26866:tid 140669213394688] [client 162.142.125.38:40006] <SecureCookieSession {}>
[Fri Jun 04 11:09:58.691278 2021] [wsgi:error] [pid 26866:tid 140669255358208] [client 162.142.125.38:48492] <SecureCookieSession {}>
[Fri Jun 04 11:57:32.328524 2021] [wsgi:error] [pid 26866:tid 140669305714432] [client 172.68.155.185:15054] <SecureCookieSession {}>, referer: https://www.google.com/
[Fri Jun 04 11:58:00.811604 2021] [wsgi:error] [pid 26866:tid 140669188216576] [client 162.158.227.123:27010] <SecureCookieSession {}>
[Fri Jun 04 12:05:29.719027 2021] [wsgi:error] [pid 26866:tid 140669339285248] [client 162.158.235.26:46634] <SecureCookieSession {}>
[Fri Jun 04 12:05:44.872633 2021] [wsgi:error] [pid 26866:tid 140669288929024] [client 162.158.227.195:15846] <SecureCookieSession {}>, referer: https://www.devdootsena.org/blogs
[Fri Jun 04 12:07:00.194821 2021] [wsgi:error] [pid 26866:tid 140669272143616] [client 162.158.235.26:19036] <SecureCookieSession {}>, referer: https://www.devdootsena.org/
[Fri Jun 04 12:54:03.960798 2021] [wsgi:error] [pid 26866:tid 140669356070656] [client 109.94.119.133:59084] <SecureCookieSession {}>
[Fri Jun 04 13:09:08.712610 2021] [wsgi:error] [pid 26866:tid 140669347677952] [client 172.70.34.215:39006] <SecureCookieSession {}>
[Fri Jun 04 13:29:18.861481 2021] [wsgi:error] [pid 26866:tid 140669297321728] [client 162.158.23.42:18850] <SecureCookieSession {}>
[Fri Jun 04 14:21:05.712757 2021] [wsgi:error] [pid 26866:tid 140669297321728] [client 162.158.22.113:10060] <SecureCookieSession {}>
[Fri Jun 04 14:57:03.737984 2021] [wsgi:error] [pid 26866:tid 140669330892544] [client 162.158.165.225:55454] <SecureCookieSession {}>
[Fri Jun 04 16:12:00.062693 2021] [wsgi:error] [pid 26866:tid 140669188216576] [client 172.70.34.145:38218] <SecureCookieSession {}>
[Fri Jun 04 16:22:03.230360 2021] [wsgi:error] [pid 26866:tid 140669221787392] [client 172.70.34.145:34208] <SecureCookieSession {}>
[Fri Jun 04 16:57:47.321840 2021] [wsgi:error] [pid 26866:tid 140669322499840] [client 51.254.59.113:16293] <SecureCookieSession {}>
[Fri Jun 04 17:07:09.471160 2021] [wsgi:error] [pid 26866:tid 140669455881984] [client 143.198.139.200:56493] <SecureCookieSession {}>
[Fri Jun 04 18:32:46.665499 2021] [wsgi:error] [pid 26866:tid 140669196609280] [client 172.68.155.183:17186] <SecureCookieSession {}>, referer: https://www.devdootsena.org/blogs
[Fri Jun 04 18:33:06.906150 2021] [wsgi:error] [pid 26866:tid 140669179823872] [client 172.68.155.183:37470] <SecureCookieSession {}>, referer: https://www.devdootsena.org/blogs
[Fri Jun 04 19:25:12.088689 2021] [wsgi:error] [pid 26866:tid 140669297321728] [client 162.158.165.67:28952] <SecureCookieSession {}>, referer: https://www.google.com/
[Fri Jun 04 19:25:28.273577 2021] [wsgi:error] [pid 26866:tid 140669455881984] [client 162.158.165.67:52402] <SecureCookieSession {}>, referer: https://www.devdootsena.org/volunteer_list
[Fri Jun 04 19:25:31.876849 2021] [wsgi:error] [pid 26866:tid 140669305714432] [client 162.158.165.67:57394] <SecureCookieSession {}>, referer: https://www.devdootsena.org/
[Fri Jun 04 22:17:42.631045 2021] [wsgi:error] [pid 26866:tid 140669205001984] [client 139.99.69.141:35994] <SecureCookieSession {}>
[Fri Jun 04 22:17:53.642237 2021] [wsgi:error] [pid 26866:tid 140669221787392] [client 77.42.157.86:57749] <SecureCookieSession {}>
[Sat Jun 05 01:43:46.434432 2021] [wsgi:error] [pid 26866:tid 140669455881984] [client 45.148.10.50:37450] <SecureCookieSession {}>
[Sat Jun 05 03:00:19.863916 2021] [wsgi:error] [pid 26866:tid 140669238572800] [client 172.70.34.145:40138] <SecureCookieSession {}>
[Sat Jun 05 03:08:21.366970 2021] [wsgi:error] [pid 26866:tid 140669246965504] [client 62.69.133.114:45265] <SecureCookieSession {}>
[Sat Jun 05 03:22:45.097937 2021] [wsgi:error] [pid 26866:tid 140669221787392] [client 172.70.122.193:28402] <SecureCookieSession {}>
[Sat Jun 05 03:30:23.219315 2021] [wsgi:error] [pid 26866:tid 140669364463360] [client 172.70.34.145:33576] <SecureCookieSession {}>
[Sat Jun 05 07:42:54.349647 2021] [wsgi:error] [pid 26866:tid 140669339285248] [client 162.158.119.122:63904] <SecureCookieSession {}>
[Sat Jun 05 11:14:31.153445 2021] [wsgi:error] [pid 26866:tid 140669179823872] [client 203.192.236.93:34638] <SecureCookieSession {}>
[Sat Jun 05 11:14:32.058158 2021] [wsgi:error] [pid 26866:tid 140669372856064] [client 162.158.119.90:46996] <SecureCookieSession {}>
[Sat Jun 05 11:14:33.857982 2021] [wsgi:error] [pid 26866:tid 140669272143616] [client 162.158.119.122:48136] <SecureCookieSession {}>
[Sat Jun 05 12:02:15.314380 2021] [wsgi:error] [pid 26866:tid 140669322499840] [client 172.69.63.22:49178] <SecureCookieSession {}>
[Sat Jun 05 12:05:12.255657 2021] [wsgi:error] [pid 26866:tid 140669263750912] [client 172.70.122.185:64062] <SecureCookieSession {}>
[Sat Jun 05 12:05:34.526572 2021] [wsgi:error] [pid 26866:tid 140669263750912] [client 172.70.122.185:49934] <SecureCookieSession {}>, referer: https://www.devdootsena.org/volunteer_list
[Sat Jun 05 12:33:48.031967 2021] [wsgi:error] [pid 26866:tid 140669196609280] [client 45.148.10.50:50554] <SecureCookieSession {}>
[Sat Jun 05 13:13:01.935299 2021] [wsgi:error] [pid 26866:tid 140669305714432] [client 172.69.63.22:29046] <SecureCookieSession {}>
[Sat Jun 05 14:22:03.861180 2021] [wsgi:error] [pid 26866:tid 140669372856064] [client 178.93.36.44:58139] <SecureCookieSession {}>
[Sat Jun 05 14:55:56.218739 2021] [wsgi:error] [pid 26866:tid 140669213394688] [client 172.69.34.135:20404] <SecureCookieSession {}>, referer: http://baidu.com/
[Sat Jun 05 15:53:48.385090 2021] [wsgi:error] [pid 26866:tid 140669263750912] [client 162.142.125.54:42158] <SecureCookieSession {}>
[Sat Jun 05 19:18:05.573881 2021] [wsgi:error] [pid 26866:tid 140669314107136] [client 109.175.7.44:2727] <SecureCookieSession {}>
[Sat Jun 05 21:27:44.006750 2021] [wsgi:error] [pid 26866:tid 140669238572800] [client 93.174.95.106:35164] <SecureCookieSession {}>
[Sat Jun 05 21:40:05.162247 2021] [wsgi:error] [pid 26866:tid 140669297321728] [client 172.70.34.145:41894] <SecureCookieSession {}>
[Sat Jun 05 22:50:19.891067 2021] [wsgi:error] [pid 26866:tid 140669179823872] [client 172.69.63.22:64512] <SecureCookieSession {}>
[Sat Jun 05 23:45:33.657903 2021] [wsgi:error] [pid 26866:tid 140669280536320] [client 139.99.69.141:48268] <SecureCookieSession {}>
[Sun Jun 06 00:28:09.344343 2021] [wsgi:error] [pid 26866:tid 140669339285248] [client 103.41.23.164:45792] <SecureCookieSession {}>, referer: https://www.google.com/
[Sun Jun 06 01:22:01.943304 2021] [wsgi:error] [pid 26866:tid 140669314107136] [client 185.206.214.177:51822] <SecureCookieSession {}>
[Sun Jun 06 01:41:25.083027 2021] [wsgi:error] [pid 26866:tid 140669188216576] [client 45.148.10.50:35752] <SecureCookieSession {}>
[Sun Jun 06 02:07:51.853182 2021] [wsgi:error] [pid 26866:tid 140669280536320] [client 109.74.21.48:44226] <SecureCookieSession {}>
[Sun Jun 06 02:58:17.710296 2021] [wsgi:error] [pid 26866:tid 140669196609280] [client 104.206.128.30:39153] <SecureCookieSession {}>
[Sun Jun 06 05:09:35.350875 2021] [wsgi:error] [pid 26866:tid 140669179823872] [client 162.158.167.113:53634] <SecureCookieSession {}>
[Sun Jun 06 05:34:37.322640 2021] [wsgi:error] [pid 26866:tid 140669297321728] [client 162.158.235.48:52340] <SecureCookieSession {}>, referer: https://www.devdootsena.org/login
[Sun Jun 06 05:35:01.798660 2021] [wsgi:error] [pid 26866:tid 140669221787392] [client 162.158.235.48:17636] {'country_code': '+91', 'date_account_created': '30/05/2021', 'is_account_active': 1, 'mob_num': '9517230887', 'name': 'Divyanshu', 'password': 'e6f095e985e6762f1538b47ff1abda58dbe8ce088b16d8a5744fc179e9a2fc16', 'raised_requests': '', 'time_account_created': '19:04:31'}, referer: https://www.devdootsena.org/login
[Sun Jun 06 05:35:01.798838 2021] [wsgi:error] [pid 26866:tid 140669221787392] [client 162.158.235.48:17636] <SecureCookieSession {'logged_in': True, 'username': 'Divyanshu', 'mob_num': '9517230887', 'country_code': '+91', 'user_id': '-MaxU3-oMivrmO9ZcYey', 'is_admin': False, '_flashes': [('success', 'Welcome Divyanshu!')]}>, referer: https://www.devdootsena.org/login
[Sun Jun 06 05:35:02.464433 2021] [wsgi:error] [pid 26866:tid 140669246965504] [client 162.158.235.48:18770] <SecureCookieSession {'_flashes': [('success', 'Welcome Divyanshu!')], 'country_code': '+91', 'is_admin': False, 'logged_in': True, 'mob_num': '9517230887', 'user_id': '-MaxU3-oMivrmO9ZcYey', 'username': 'Divyanshu'}>
[Sun Jun 06 05:35:09.007990 2021] [wsgi:error] [pid 26866:tid 140669179823872] [client 162.158.235.48:24620] <SecureCookieSession {'_flashes': [('success', 'You are now logged out')]}>
[Sun Jun 06 06:02:08.278622 2021] [wsgi:error] [pid 26866:tid 140669314107136] [client 167.248.133.54:35234] <SecureCookieSession {}>
[Sun Jun 06 06:02:08.686743 2021] [wsgi:error] [pid 26866:tid 140669288929024] [client 167.248.133.54:37740] <SecureCookieSession {}>
[Sun Jun 06 06:43:46.014786 2021] [wsgi:error] [pid 26866:tid 140669230180096] [client 185.82.167.21:56164] <SecureCookieSession {}>
[Sun Jun 06 07:21:47.241779 2021] [wsgi:error] [pid 26866:tid 140669255358208] [client 103.203.57.10:56988] <SecureCookieSession {}>
[Sun Jun 06 08:01:21.561124 2021] [wsgi:error] [pid 26866:tid 140669288929024] [client 186.33.96.62:50198] <SecureCookieSession {}>
[Sun Jun 06 08:11:59.568156 2021] [wsgi:error] [pid 26866:tid 140669322499840] [client 172.69.68.148:49200] <SecureCookieSession {}>
[Sun Jun 06 08:32:12.837856 2021] [wsgi:error] [pid 26866:tid 140669330892544] [client 172.69.34.227:28706] <SecureCookieSession {}>
[Sun Jun 06 11:41:00.241736 2021] [wsgi:error] [pid 26866:tid 140669213394688] [client 45.148.10.50:44368] <SecureCookieSession {}>
[Sun Jun 06 12:23:47.256322 2021] [wsgi:error] [pid 26866:tid 140669455881984] [client 13.88.202.102:52990] <SecureCookieSession {}>
[Sun Jun 06 12:47:19.618202 2021] [wsgi:error] [pid 26866:tid 140669230180096] [client 107.189.1.220:47588] <SecureCookieSession {}>
[Sun Jun 06 13:22:08.481925 2021] [wsgi:error] [pid 26866:tid 140669330892544] [client 206.81.19.19:44530] <SecureCookieSession {}>
[Sun Jun 06 16:15:30.235514 2021] [wsgi:error] [pid 26866:tid 140669339285248] [client 162.158.22.113:32232] <SecureCookieSession {}>
[Sun Jun 06 16:15:50.629768 2021] [wsgi:error] [pid 26866:tid 140669305714432] [client 108.28.35.58:39416] <SecureCookieSession {}>
[Sun Jun 06 16:16:36.132016 2021] [wsgi:error] [pid 26866:tid 140669322499840] [client 162.158.22.113:41186] <SecureCookieSession {}>, referer: https://www.devdootsena.org/blogs
[Sun Jun 06 16:18:11.235070 2021] [wsgi:error] [pid 26866:tid 140669330892544] [client 162.158.166.112:16960] <SecureCookieSession {}>
[Sun Jun 06 16:24:35.957059 2021] [wsgi:error] [pid 26866:tid 140669196609280] [client 162.158.227.187:12424] <SecureCookieSession {}>
[Sun Jun 06 16:35:06.387932 2021] [wsgi:error] [pid 26866:tid 140669263750912] [client 45.148.10.50:43330] <SecureCookieSession {}>
[Sun Jun 06 16:45:37.066619 2021] [wsgi:error] [pid 26866:tid 140669364463360] [client 162.158.166.16:12526] <SecureCookieSession {}>
[Sun Jun 06 16:48:52.784666 2021] [wsgi:error] [pid 26866:tid 140669272143616] [client 162.158.166.16:15670] <SecureCookieSession {}>, referer: https://www.devdootsena.org/
[Sun Jun 06 16:49:11.399350 2021] [wsgi:error] [pid 26866:tid 140669322499840] [client 74.120.14.40:45826] <SecureCookieSession {}>
[Sun Jun 06 16:49:11.907914 2021] [wsgi:error] [pid 26866:tid 140669372856064] [client 74.120.14.40:51644] <SecureCookieSession {}>
[Sun Jun 06 16:50:10.702570 2021] [wsgi:error] [pid 26866:tid 140669347677952] [client 162.158.191.191:63200] <SecureCookieSession {}>
[Sun Jun 06 16:51:17.051311 2021] [wsgi:error] [pid 26866:tid 140669305714432] [client 162.158.191.191:12922] <SecureCookieSession {}>, referer: https://www.devdootsena.org/
[Sun Jun 06 16:51:23.172127 2021] [wsgi:error] [pid 26866:tid 140669297321728] [client 162.158.191.191:18430] <SecureCookieSession {}>, referer: https://www.devdootsena.org/
[Sun Jun 06 17:43:15.684921 2021] [wsgi:error] [pid 26866:tid 140669263750912] [client 109.75.39.132:48238] <SecureCookieSession {}>
[Sun Jun 06 18:04:40.955103 2021] [wsgi:error] [pid 26866:tid 140669364463360] [client 172.69.68.148:10090] <SecureCookieSession {}>
[Sun Jun 06 18:45:05.017369 2021] [wsgi:error] [pid 26866:tid 140669372856064] [client 162.158.227.123:49844] <SecureCookieSession {}>
[Sun Jun 06 18:47:38.120555 2021] [wsgi:error] [pid 26866:tid 140669179823872] [client 162.158.167.59:54084] {'country_code': '+91', 'date_account_created': '30/05/2021', 'is_account_active': 1, 'mob_num': '9517230887', 'name': 'Divyanshu', 'password': 'e6f095e985e6762f1538b47ff1abda58dbe8ce088b16d8a5744fc179e9a2fc16', 'raised_requests': '', 'time_account_created': '19:04:31'}, referer: https://www.devdootsena.org/login
[Sun Jun 06 18:47:38.120718 2021] [wsgi:error] [pid 26866:tid 140669179823872] [client 162.158.167.59:54084] <SecureCookieSession {'logged_in': True, 'username': 'Divyanshu', 'mob_num': '9517230887', 'country_code': '+91', 'user_id': '-MaxU3-oMivrmO9ZcYey', 'is_admin': False, '_flashes': [('success', 'Welcome Divyanshu!')]}>, referer: https://www.devdootsena.org/login
[Sun Jun 06 18:47:39.323823 2021] [wsgi:error] [pid 26866:tid 140669364463360] [client 162.158.167.59:56550] <SecureCookieSession {'_flashes': [('success', 'Welcome Divyanshu!')], 'country_code': '+91', 'is_admin': False, 'logged_in': True, 'mob_num': '9517230887', 'user_id': '-MaxU3-oMivrmO9ZcYey', 'username': 'Divyanshu'}>
[Sun Jun 06 18:47:57.455631 2021] [wsgi:error] [pid 26866:tid 140669297321728] [client 162.158.167.58:38678] <SecureCookieSession {'_flashes': [('success', 'You are now logged out')]}>
