[Mon Jun 07 02:41:13.803944 2021] [wsgi:error] [pid 26866:tid 140669238572800] [client 162.158.227.27:27560]   File "/usr/local/lib/python3.8/dist-packages/flask/app.py", line 1499, in dispatch_request, referer: https://www.devdootsena.org/login
[Mon Jun 07 02:41:13.803949 2021] [wsgi:error] [pid 26866:tid 140669238572800] [client 162.158.227.27:27560]     return self.ensure_sync(self.view_functions[rule.endpoint])(**req.view_args), referer: https://www.devdootsena.org/login
[Mon Jun 07 02:41:13.803955 2021] [wsgi:error] [pid 26866:tid 140669238572800] [client 162.158.227.27:27560]   File "/var/www/devdootsena.org/app.py", line 330, in login, referer: https://www.devdootsena.org/login
[Mon Jun 07 02:41:13.803961 2021] [wsgi:error] [pid 26866:tid 140669238572800] [client 162.158.227.27:27560]     users = db.child("Users").get().val(), referer: https://www.devdootsena.org/login
[Mon Jun 07 02:41:13.803966 2021] [wsgi:error] [pid 26866:tid 140669238572800] [client 162.158.227.27:27560]   File "/usr/local/lib/python3.8/dist-packages/pyrebase/pyrebase.py", line 264, in get, referer: https://www.devdootsena.org/login
[Mon Jun 07 02:41:13.803971 2021] [wsgi:error] [pid 26866:tid 140669238572800] [client 162.158.227.27:27560]     raise_detailed_error(request_object), referer: https://www.devdootsena.org/login
[Mon Jun 07 02:41:13.803984 2021] [wsgi:error] [pid 26866:tid 140669238572800] [client 162.158.227.27:27560]   File "/usr/local/lib/python3.8/dist-packages/pyrebase/pyrebase.py", line 448, in raise_detailed_error, referer: https://www.devdootsena.org/login
[Mon Jun 07 02:41:13.803990 2021] [wsgi:error] [pid 26866:tid 140669238572800] [client 162.158.227.27:27560]     raise HTTPError(e, request_object.text), referer: https://www.devdootsena.org/login
[Mon Jun 07 02:41:13.803996 2021] [wsgi:error] [pid 26866:tid 140669238572800] [client 162.158.227.27:27560] requests.exceptions.HTTPError: [Errno 401 Client Error: Unauthorized for url: https://devdootsenango-default-rtdb.firebaseio.com/Users.json] {, referer: https://www.devdootsena.org/login
[Mon Jun 07 02:41:13.804002 2021] [wsgi:error] [pid 26866:tid 140669238572800] [client 162.158.227.27:27560]   "error" : "Permission denied", referer: https://www.devdootsena.org/login
[Mon Jun 07 02:41:13.804007 2021] [wsgi:error] [pid 26866:tid 140669238572800] [client 162.158.227.27:27560] }, referer: https://www.devdootsena.org/login
[Mon Jun 07 02:41:13.804013 2021] [wsgi:error] [pid 26866:tid 140669238572800] [client 162.158.227.27:27560] , referer: https://www.devdootsena.org/login
[Mon Jun 07 02:42:13.697261 2021] [wsgi:error] [pid 26866:tid 140669372856064] [client 162.158.119.168:21080] [2021-06-07 02:42:13,696] ERROR in app: Exception on /login [POST], referer: https://www.devdootsena.org/login
[Mon Jun 07 02:42:13.697300 2021] [wsgi:error] [pid 26866:tid 140669372856064] [client 162.158.119.168:21080] Traceback (most recent call last):, referer: https://www.devdootsena.org/login
[Mon Jun 07 02:42:13.697305 2021] [wsgi:error] [pid 26866:tid 140669372856064] [client 162.158.119.168:21080]   File "/usr/local/lib/python3.8/dist-packages/pyrebase/pyrebase.py", line 444, in raise_detailed_error, referer: https://www.devdootsena.org/login
[Mon Jun 07 02:42:13.697310 2021] [wsgi:error] [pid 26866:tid 140669372856064] [client 162.158.119.168:21080]     request_object.raise_for_status(), referer: https://www.devdootsena.org/login
[Mon Jun 07 02:42:13.697314 2021] [wsgi:error] [pid 26866:tid 140669372856064] [client 162.158.119.168:21080]   File "/usr/local/lib/python3.8/dist-packages/requests/models.py", line 862, in raise_for_status, referer: https://www.devdootsena.org/login
[Mon Jun 07 02:42:13.697318 2021] [wsgi:error] [pid 26866:tid 140669372856064] [client 162.158.119.168:21080]     raise HTTPError(http_error_msg, response=self), referer: https://www.devdootsena.org/login
[Mon Jun 07 02:42:13.697322 2021] [wsgi:error] [pid 26866:tid 140669372856064] [client 162.158.119.168:21080] requests.exceptions.HTTPError: 401 Client Error: Unauthorized for url: https://devdootsenango-default-rtdb.firebaseio.com/Users.json, referer: https://www.devdootsena.org/login
[Mon Jun 07 02:42:13.697326 2021] [wsgi:error] [pid 26866:tid 140669372856064] [client 162.158.119.168:21080] , referer: https://www.devdootsena.org/login
[Mon Jun 07 02:42:13.697330 2021] [wsgi:error] [pid 26866:tid 140669372856064] [client 162.158.119.168:21080] During handling of the above exception, another exception occurred:, referer: https://www.devdootsena.org/login
[Mon Jun 07 02:42:13.697334 2021] [wsgi:error] [pid 26866:tid 140669372856064] [client 162.158.119.168:21080] , referer: https://www.devdootsena.org/login
[Mon Jun 07 02:42:13.697338 2021] [wsgi:error] [pid 26866:tid 140669372856064] [client 162.158.119.168:21080] Traceback (most recent call last):, referer: https://www.devdootsena.org/login
[Mon Jun 07 02:42:13.697342 2021] [wsgi:error] [pid 26866:tid 140669372856064] [client 162.158.119.168:21080]   File "/usr/local/lib/python3.8/dist-packages/flask/app.py", line 2070, in wsgi_app, referer: https://www.devdootsena.org/login
[Mon Jun 07 02:42:13.697346 2021] [wsgi:error] [pid 26866:tid 140669372856064] [client 162.158.119.168:21080]     response = self.full_dispatch_request(), referer: https://www.devdootsena.org/login
[Mon Jun 07 02:42:13.697365 2021] [wsgi:error] [pid 26866:tid 140669372856064] [client 162.158.119.168:21080]   File "/usr/local/lib/python3.8/dist-packages/flask/app.py", line 1515, in full_dispatch_request, referer: https://www.devdootsena.org/login
[Mon Jun 07 02:42:13.697370 2021] [wsgi:error] [pid 26866:tid 140669372856064] [client 162.158.119.168:21080]     rv = self.handle_user_exception(e), referer: https://www.devdootsena.org/login
[Mon Jun 07 02:42:13.697373 2021] [wsgi:error] [pid 26866:tid 140669372856064] [client 162.158.119.168:21080]   File "/usr/local/lib/python3.8/dist-packages/flask/app.py", line 1513, in full_dispatch_request, referer: https://www.devdootsena.org/login
[Mon Jun 07 02:42:13.697377 2021] [wsgi:error] [pid 26866:tid 140669372856064] [client 162.158.119.168:21080]     rv = self.dispatch_request(), referer: https://www.devdootsena.org/login
[Mon Jun 07 02:42:13.697380 2021] [wsgi:error] [pid 26866:tid 140669372856064] [client 162.158.119.168:21080]   File "/usr/local/lib/python3.8/dist-packages/flask/app.py", line 1499, in dispatch_request, referer: https://www.devdootsena.org/login
[Mon Jun 07 02:42:13.697383 2021] [wsgi:error] [pid 26866:tid 140669372856064] [client 162.158.119.168:21080]     return self.ensure_sync(self.view_functions[rule.endpoint])(**req.view_args), referer: https://www.devdootsena.org/login
[Mon Jun 07 02:42:13.697387 2021] [wsgi:error] [pid 26866:tid 140669372856064] [client 162.158.119.168:21080]   File "/var/www/devdootsena.org/app.py", line 330, in login, referer: https://www.devdootsena.org/login
[Mon Jun 07 02:42:13.697390 2021] [wsgi:error] [pid 26866:tid 140669372856064] [client 162.158.119.168:21080]     users = db.child("Users").get().val(), referer: https://www.devdootsena.org/login
[Mon Jun 07 02:42:13.697394 2021] [wsgi:error] [pid 26866:tid 140669372856064] [client 162.158.119.168:21080]   File "/usr/local/lib/python3.8/dist-packages/pyrebase/pyrebase.py", line 264, in get, referer: https://www.devdootsena.org/login
[Mon Jun 07 02:42:13.697397 2021] [wsgi:error] [pid 26866:tid 140669372856064] [client 162.158.119.168:21080]     raise_detailed_error(request_object), referer: https://www.devdootsena.org/login
[Mon Jun 07 02:42:13.697401 2021] [wsgi:error] [pid 26866:tid 140669372856064] [client 162.158.119.168:21080]   File "/usr/local/lib/python3.8/dist-packages/pyrebase/pyrebase.py", line 448, in raise_detailed_error, referer: https://www.devdootsena.org/login
[Mon Jun 07 02:42:13.697404 2021] [wsgi:error] [pid 26866:tid 140669372856064] [client 162.158.119.168:21080]     raise HTTPError(e, request_object.text), referer: https://www.devdootsena.org/login
[Mon Jun 07 02:42:13.697408 2021] [wsgi:error] [pid 26866:tid 140669372856064] [client 162.158.119.168:21080] requests.exceptions.HTTPError: [Errno 401 Client Error: Unauthorized for url: https://devdootsenango-default-rtdb.firebaseio.com/Users.json] {, referer: https://www.devdootsena.org/login
[Mon Jun 07 02:42:13.697412 2021] [wsgi:error] [pid 26866:tid 140669372856064] [client 162.158.119.168:21080]   "error" : "Permission denied", referer: https://www.devdootsena.org/login
[Mon Jun 07 02:42:13.697415 2021] [wsgi:error] [pid 26866:tid 140669372856064] [client 162.158.119.168:21080] }, referer: https://www.devdootsena.org/login
[Mon Jun 07 02:42:13.697419 2021] [wsgi:error] [pid 26866:tid 140669372856064] [client 162.158.119.168:21080] , referer: https://www.devdootsena.org/login
[Mon Jun 07 03:13:22.221606 2021] [wsgi:error] [pid 26866:tid 140669238572800] [client 162.158.235.48:28080] <SecureCookieSession {}>
[Mon Jun 07 03:13:30.827235 2021] [wsgi:error] [pid 26866:tid 140669221787392] [client 160.20.85.202:48265] <SecureCookieSession {}>
[Mon Jun 07 03:13:36.039019 2021] [wsgi:error] [pid 26866:tid 140669188216576] [client 162.158.235.48:39334] <SecureCookieSession {}>, referer: https://www.devdootsena.org/blogs
[Mon Jun 07 03:58:01.765240 2021] [wsgi:error] [pid 26866:tid 140669455881984] [client 172.69.63.22:63538] <SecureCookieSession {}>
[Mon Jun 07 06:09:21.247096 2021] [wsgi:error] [pid 26866:tid 140669347677952] [client 172.70.34.145:60150] <SecureCookieSession {}>
[Mon Jun 07 06:35:23.161600 2021] [wsgi:error] [pid 26866:tid 140669230180096] [client 113.176.81.9:59646] <SecureCookieSession {}>
[Mon Jun 07 07:28:14.119256 2021] [wsgi:error] [pid 26866:tid 140669196609280] [client 185.107.247.104:44874] <SecureCookieSession {}>
[Mon Jun 07 08:34:12.085192 2021] [wsgi:error] [pid 26866:tid 140669205001984] [client 45.148.10.50:42700] <SecureCookieSession {}>
[Mon Jun 07 10:39:03.637180 2021] [wsgi:error] [pid 26866:tid 140669305714432] [client 45.148.10.50:58004] <SecureCookieSession {}>
[Mon Jun 07 11:17:25.922206 2021] [wsgi:error] [pid 26866:tid 140669263750912] [client 102.220.104.34:44726] <SecureCookieSession {}>
[Mon Jun 07 12:44:48.687222 2021] [wsgi:error] [pid 26866:tid 140669188216576] [client 162.158.235.60:21392] <SecureCookieSession {}>
[Mon Jun 07 12:45:25.942769 2021] [wsgi:error] [pid 26866:tid 140669364463360] [client 138.68.101.235:47275] <SecureCookieSession {}>
[Mon Jun 07 12:45:27.720439 2021] [wsgi:error] [pid 26866:tid 140669305714432] [client 162.158.227.123:34258] <SecureCookieSession {}>
[Mon Jun 07 13:20:34.195354 2021] [wsgi:error] [pid 26866:tid 140669196609280] [client 83.41.123.192:24238] <SecureCookieSession {}>
[Mon Jun 07 13:23:58.514994 2021] [wsgi:error] [pid 26866:tid 140669238572800] [client 193.104.203.239:45084] <SecureCookieSession {}>
[Mon Jun 07 14:02:00.859075 2021] [wsgi:error] [pid 26866:tid 140669221787392] [client 172.70.34.145:31434] <SecureCookieSession {}>
[Mon Jun 07 14:39:49.616104 2021] [wsgi:error] [pid 26866:tid 140669314107136] [client 188.194.111.9:47338] <SecureCookieSession {}>
[Mon Jun 07 15:15:13.992915 2021] [wsgi:error] [pid 26866:tid 140669322499840] [client 110.139.53.201:60721] <SecureCookieSession {}>
[Mon Jun 07 15:33:59.757302 2021] [wsgi:error] [pid 26866:tid 140669238572800] [client 45.148.10.50:46986] <SecureCookieSession {}>
[Mon Jun 07 15:34:26.206985 2021] [wsgi:error] [pid 26866:tid 140669372856064] [client 162.158.227.189:57050] <SecureCookieSession {}>
[Mon Jun 07 15:39:05.556606 2021] [wsgi:error] [pid 26866:tid 140669230180096] [client 172.70.95.145:35368] <SecureCookieSession {}>
[Mon Jun 07 15:40:01.090821 2021] [wsgi:error] [pid 26866:tid 140669238572800] [client 172.70.95.145:39752] <SecureCookieSession {}>
[Mon Jun 07 15:42:30.473089 2021] [wsgi:error] [pid 26866:tid 140669372856064] [client 172.69.63.22:52734] <SecureCookieSession {}>
[Mon Jun 07 15:43:15.367250 2021] [wsgi:error] [pid 26866:tid 140669322499840] [client 162.158.227.143:24294] <SecureCookieSession {}>
[Mon Jun 07 15:43:50.082649 2021] [wsgi:error] [pid 26866:tid 140669179823872] [client 162.158.227.143:64862] <SecureCookieSession {}>
[Mon Jun 07 15:44:56.424261 2021] [wsgi:error] [pid 26866:tid 140669196609280] [client 162.158.227.211:39612] <SecureCookieSession {}>
[Mon Jun 07 15:45:33.278846 2021] [wsgi:error] [pid 26866:tid 140669246965504] [client 162.158.227.211:25014] <SecureCookieSession {}>
[Mon Jun 07 15:51:03.236962 2021] [wsgi:error] [pid 26866:tid 140669455881984] [client 181.45.224.217:59665] <SecureCookieSession {}>
[Mon Jun 07 16:03:23.444687 2021] [wsgi:error] [pid 26866:tid 140669255358208] [client 172.70.95.145:9750] <SecureCookieSession {}>
[Mon Jun 07 16:03:55.362256 2021] [wsgi:error] [pid 26866:tid 140669330892544] [client 172.70.95.145:45122] <SecureCookieSession {}>
[Mon Jun 07 17:12:28.956296 2021] [wsgi:error] [pid 26866:tid 140669347677952] [client 27.147.191.21:37759] <SecureCookieSession {}>
[Mon Jun 07 17:58:14.832589 2021] [wsgi:error] [pid 26866:tid 140669263750912] [client 185.46.222.49:40166] <SecureCookieSession {}>
[Mon Jun 07 19:42:19.417602 2021] [wsgi:error] [pid 26866:tid 140669330892544] [client 195.42.154.180:51375] <SecureCookieSession {}>
[Mon Jun 07 20:11:19.815352 2021] [wsgi:error] [pid 26866:tid 140669339285248] [client 45.121.41.10:34515] <SecureCookieSession {}>
[Mon Jun 07 20:57:59.445204 2021] [wsgi:error] [pid 26866:tid 140669213394688] [client 2.44.93.7:41849] <SecureCookieSession {}>
[Mon Jun 07 22:21:56.823575 2021] [wsgi:error] [pid 26866:tid 140669372856064] [client 139.99.69.141:33286] <SecureCookieSession {}>
[Mon Jun 07 23:16:52.285290 2021] [wsgi:error] [pid 26866:tid 140669339285248] [client 172.69.63.22:51230] <SecureCookieSession {}>
[Tue Jun 08 01:20:20.607311 2021] [wsgi:error] [pid 26866:tid 140669297321728] [client 172.69.63.150:10814] <SecureCookieSession {}>
[Tue Jun 08 01:25:49.087432 2021] [wsgi:error] [pid 26866:tid 140669196609280] [client 190.94.135.169:42822] <SecureCookieSession {}>
[Tue Jun 08 01:38:13.313541 2021] [wsgi:error] [pid 26866:tid 140669314107136] [client 172.70.34.145:33836] <SecureCookieSession {}>
[Tue Jun 08 03:54:29.604219 2021] [wsgi:error] [pid 26866:tid 140669372856064] [client 172.70.34.215:12808] <SecureCookieSession {}>
[Tue Jun 08 04:12:10.188724 2021] [wsgi:error] [pid 26866:tid 140669356070656] [client 80.82.77.240:64344] <SecureCookieSession {}>
[Tue Jun 08 04:52:33.689484 2021] [wsgi:error] [pid 26866:tid 140669288929024] [client 74.120.14.37:60588] <SecureCookieSession {}>
[Tue Jun 08 04:52:34.197867 2021] [wsgi:error] [pid 26866:tid 140669455881984] [client 74.120.14.37:38860] <SecureCookieSession {}>
[Tue Jun 08 06:52:52.790011 2021] [wsgi:error] [pid 26866:tid 140669372856064] [client 162.158.227.83:38026] <SecureCookieSession {}>
[Tue Jun 08 07:18:30.603480 2021] [wsgi:error] [pid 26866:tid 140669221787392] [client 41.163.26.4:9413] <SecureCookieSession {}>
[Tue Jun 08 07:31:40.194071 2021] [wsgi:error] [pid 26866:tid 140669305714432] [client 45.148.10.50:52226] <SecureCookieSession {}>
[Tue Jun 08 10:41:02.591481 2021] [wsgi:error] [pid 26866:tid 140669213394688] [client 172.70.34.145:33038] <SecureCookieSession {}>
[Tue Jun 08 11:29:30.716285 2021] [wsgi:error] [pid 26866:tid 140669272143616] [client 162.158.167.43:44888] <SecureCookieSession {}>
[Tue Jun 08 11:31:14.386420 2021] [wsgi:error] [pid 26866:tid 140669314107136] [client 104.140.188.14:53025] <SecureCookieSession {}>
[Tue Jun 08 11:39:32.744479 2021] [wsgi:error] [pid 26866:tid 140669179823872] [client 45.148.10.50:52540] <SecureCookieSession {}>
[Tue Jun 08 11:51:24.592593 2021] [wsgi:error] [pid 26866:tid 140669339285248] [client 172.69.63.21:31304] <SecureCookieSession {}>
[Tue Jun 08 12:52:32.897523 2021] [wsgi:error] [pid 26866:tid 140669205001984] [client 103.203.57.10:36872] <SecureCookieSession {}>
[Tue Jun 08 15:05:01.293550 2021] [wsgi:error] [pid 26866:tid 140669297321728] [client 95.221.124.141:49322] <SecureCookieSession {}>
[Tue Jun 08 15:35:16.654781 2021] [wsgi:error] [pid 26866:tid 140669263750912] [client 123.17.187.226:60222] <SecureCookieSession {}>
[Tue Jun 08 16:09:43.412986 2021] [wsgi:error] [pid 26866:tid 140669230180096] [client 45.148.10.50:33942] <SecureCookieSession {}>
[Tue Jun 08 16:31:15.734147 2021] [wsgi:error] [pid 26866:tid 140669455881984] [client 172.69.34.169:36932] <SecureCookieSession {}>, referer: http://baidu.com/
[Tue Jun 08 16:33:17.074922 2021] [wsgi:error] [pid 26866:tid 140669372856064] [client 172.68.11.112:24664] <SecureCookieSession {}>
[Tue Jun 08 16:34:41.114416 2021] [wsgi:error] [pid 26866:tid 140669213394688] [client 172.68.11.112:23938] <SecureCookieSession {}>
[Tue Jun 08 17:17:52.345540 2021] [wsgi:error] [pid 26866:tid 140669356070656] [client 45.148.10.50:42196] <SecureCookieSession {}>
[Tue Jun 08 17:24:13.602941 2021] [wsgi:error] [pid 26866:tid 140669272143616] [client 157.119.212.33:51389] <SecureCookieSession {}>
[Tue Jun 08 18:05:05.070484 2021] [wsgi:error] [pid 26866:tid 140669356070656] [client 199.19.224.230:45622] <SecureCookieSession {}>
[Tue Jun 08 19:28:54.875650 2021] [wsgi:error] [pid 26866:tid 140669314107136] [client 220.244.164.57:44189] <SecureCookieSession {}>
[Tue Jun 08 20:02:43.083651 2021] [wsgi:error] [pid 26866:tid 140669347677952] [client 162.158.235.66:22044] <SecureCookieSession {}>
[Tue Jun 08 20:02:51.756690 2021] [wsgi:error] [pid 26866:tid 140669364463360] [client 162.158.227.151:58448] <SecureCookieSession {}>, referer: https://www.devdootsena.org/blogs
[Tue Jun 08 20:09:04.635550 2021] [wsgi:error] [pid 26866:tid 140669230180096] [client 194.228.207.2:42327] <SecureCookieSession {}>
[Tue Jun 08 20:22:42.123329 2021] [wsgi:error] [pid 26866:tid 140669347677952] [client 172.70.34.145:18286] <SecureCookieSession {}>
[Tue Jun 08 21:21:06.093143 2021] [wsgi:error] [pid 26866:tid 140669347677952] [client 143.198.203.10:44360] <SecureCookieSession {}>
[Tue Jun 08 22:10:25.884785 2021] [wsgi:error] [pid 26866:tid 140669188216576] [client 179.106.100.15:35551] <SecureCookieSession {}>
[Tue Jun 08 22:10:59.635546 2021] [wsgi:error] [pid 26866:tid 140669305714432] [client 172.70.95.135:57816] <SecureCookieSession {}>
[Tue Jun 08 22:11:37.861825 2021] [wsgi:error] [pid 26866:tid 140669246965504] [client 162.158.235.66:39394] <SecureCookieSession {}>, referer: https://www.devdootsena.org/volunteer_list
[Tue Jun 08 22:11:42.478334 2021] [wsgi:error] [pid 26866:tid 140669455881984] [client 162.158.235.66:42780] <SecureCookieSession {}>, referer: https://www.devdootsena.org/
[Tue Jun 08 23:13:37.757658 2021] [wsgi:error] [pid 26866:tid 140669288929024] [client 172.69.63.22:45412] <SecureCookieSession {}>
[Wed Jun 09 01:53:31.050238 2021] [wsgi:error] [pid 26866:tid 140669188216576] [client 45.148.10.50:48390] <SecureCookieSession {}>
[Wed Jun 09 02:15:27.065082 2021] [wsgi:error] [pid 26866:tid 140669255358208] [client 45.61.137.165:44410] <SecureCookieSession {}>
[Wed Jun 09 02:22:53.409417 2021] [wsgi:error] [pid 26866:tid 140669263750912] [client 186.33.110.75:53572] <SecureCookieSession {}>
[Wed Jun 09 02:40:56.958399 2021] [wsgi:error] [pid 26866:tid 140669272143616] [client 45.61.137.165:33136] <SecureCookieSession {}>
[Wed Jun 09 03:09:16.020568 2021] [wsgi:error] [pid 26866:tid 140669455881984] [client 185.53.90.20:51424] <SecureCookieSession {}>
[Wed Jun 09 03:41:27.845658 2021] [wsgi:error] [pid 26866:tid 140669255358208] [client 162.142.125.40:42428] <SecureCookieSession {}>
[Wed Jun 09 03:41:28.228624 2021] [wsgi:error] [pid 26866:tid 140669263750912] [client 162.142.125.40:51996] <SecureCookieSession {}>
[Wed Jun 09 03:51:38.583119 2021] [wsgi:error] [pid 26866:tid 140669339285248] [client 45.146.165.123:58682] <SecureCookieSession {}>
[Wed Jun 09 03:51:39.020370 2021] [wsgi:error] [pid 26866:tid 140669314107136] [client 45.146.165.123:58596] <SecureCookieSession {}>
[Wed Jun 09 04:11:16.936587 2021] [wsgi:error] [pid 26866:tid 140669272143616] [client 45.61.137.165:43042] <SecureCookieSession {}>
[Wed Jun 09 05:25:47.805076 2021] [wsgi:error] [pid 26866:tid 140669213394688] [client 172.68.11.112:33238] <SecureCookieSession {}>
[Wed Jun 09 05:43:25.914424 2021] [wsgi:error] [pid 26866:tid 140669305714432] [client 162.158.227.193:15660] <SecureCookieSession {}>
[Wed Jun 09 05:55:51.951916 2021] [wsgi:error] [pid 26866:tid 140669205001984] [client 172.69.63.22:23368] <SecureCookieSession {}>
[Wed Jun 09 07:16:04.426147 2021] [wsgi:error] [pid 26866:tid 140669364463360] [client 139.99.69.141:58318] <SecureCookieSession {}>
[Wed Jun 09 07:23:48.252904 2021] [wsgi:error] [pid 26866:tid 140669297321728] [client 36.65.171.239:51092] <SecureCookieSession {}>
[Wed Jun 09 07:44:46.273668 2021] [wsgi:error] [pid 26866:tid 140669272143616] [client 162.158.167.67:47098] <SecureCookieSession {}>
[Wed Jun 09 07:45:05.544248 2021] [wsgi:error] [pid 26866:tid 140669230180096] [client 162.158.165.67:53892] {'country_code': '+91', 'date_account_created': '30/05/2021', 'is_account_active': 1, 'mob_num': '9517230887', 'name': 'Divyanshu', 'password': 'e6f095e985e6762f1538b47ff1abda58dbe8ce088b16d8a5744fc179e9a2fc16', 'time_account_created': '19:04:31'}, referer: https://www.devdootsena.org/login
[Wed Jun 09 07:45:05.544476 2021] [wsgi:error] [pid 26866:tid 140669230180096] [client 162.158.165.67:53892] <SecureCookieSession {'logged_in': True, 'username': 'Divyanshu', 'mob_num': '9517230887', 'country_code': '+91', 'user_id': '-MaxU3-oMivrmO9ZcYey', 'is_admin': False, '_flashes': [('success', 'Welcome Divyanshu!')]}>, referer: https://www.devdootsena.org/login
[Wed Jun 09 07:45:06.319726 2021] [wsgi:error] [pid 26866:tid 140669263750912] [client 162.158.165.67:56880] <SecureCookieSession {'_flashes': [('success', 'Welcome Divyanshu!')], 'country_code': '+91', 'is_admin': False, 'logged_in': True, 'mob_num': '9517230887', 'user_id': '-MaxU3-oMivrmO9ZcYey', 'username': 'Divyanshu'}>
[Wed Jun 09 07:45:08.987077 2021] [wsgi:error] [pid 26866:tid 140669322499840] [client 162.158.165.67:61060] [2021-06-09 07:45:08,982] ERROR in app: Exception on /my_raised_request [GET], referer: https://www.devdootsena.org/
[Wed Jun 09 07:45:08.987104 2021] [wsgi:error] [pid 26866:tid 140669322499840] [client 162.158.165.67:61060] Traceback (most recent call last):, referer: https://www.devdootsena.org/
[Wed Jun 09 07:45:08.987109 2021] [wsgi:error] [pid 26866:tid 140669322499840] [client 162.158.165.67:61060]   File "/usr/local/lib/python3.8/dist-packages/flask/app.py", line 2070, in wsgi_app, referer: https://www.devdootsena.org/
[Wed Jun 09 07:45:08.987114 2021] [wsgi:error] [pid 26866:tid 140669322499840] [client 162.158.165.67:61060]     response = self.full_dispatch_request(), referer: https://www.devdootsena.org/
[Wed Jun 09 07:45:08.987118 2021] [wsgi:error] [pid 26866:tid 140669322499840] [client 162.158.165.67:61060]   File "/usr/local/lib/python3.8/dist-packages/flask/app.py", line 1515, in full_dispatch_request, referer: https://www.devdootsena.org/
[Wed Jun 09 07:45:08.987123 2021] [wsgi:error] [pid 26866:tid 140669322499840] [client 162.158.165.67:61060]     rv = self.handle_user_exception(e), referer: https://www.devdootsena.org/
[Wed Jun 09 07:45:08.987127 2021] [wsgi:error] [pid 26866:tid 140669322499840] [client 162.158.165.67:61060]   File "/usr/local/lib/python3.8/dist-packages/flask/app.py", line 1513, in full_dispatch_request, referer: https://www.devdootsena.org/
[Wed Jun 09 07:45:08.987131 2021] [wsgi:error] [pid 26866:tid 140669322499840] [client 162.158.165.67:61060]     rv = self.dispatch_request(), referer: https://www.devdootsena.org/
[Wed Jun 09 07:45:08.987135 2021] [wsgi:error] [pid 26866:tid 140669322499840] [client 162.158.165.67:61060]   File "/usr/local/lib/python3.8/dist-packages/flask/app.py", line 1499, in dispatch_request, referer: https://www.devdootsena.org/
[Wed Jun 09 07:45:08.987139 2021] [wsgi:error] [pid 26866:tid 140669322499840] [client 162.158.165.67:61060]     return self.ensure_sync(self.view_functions[rule.endpoint])(**req.view_args), referer: https://www.devdootsena.org/
[Wed Jun 09 07:45:08.987143 2021] [wsgi:error] [pid 26866:tid 140669322499840] [client 162.158.165.67:61060]   File "/var/www/devdootsena.org/app.py", line 160, in wrap, referer: https://www.devdootsena.org/
[Wed Jun 09 07:45:08.987147 2021] [wsgi:error] [pid 26866:tid 140669322499840] [client 162.158.165.67:61060]     return f(*args, **kwargs), referer: https://www.devdootsena.org/
[Wed Jun 09 07:45:08.987150 2021] [wsgi:error] [pid 26866:tid 140669322499840] [client 162.158.165.67:61060]   File "/var/www/devdootsena.org/app.py", line 607, in my_raised_request, referer: https://www.devdootsena.org/
[Wed Jun 09 07:45:08.987155 2021] [wsgi:error] [pid 26866:tid 140669322499840] [client 162.158.165.67:61060]     return render_template("my_raised_request.html", this_User = this_User  , this_User_num=this_User_num, admin_number=admin_number ,issues=issues), referer: https://www.devdootsena.org/
[Wed Jun 09 07:45:08.987159 2021] [wsgi:error] [pid 26866:tid 140669322499840] [client 162.158.165.67:61060]   File "/usr/local/lib/python3.8/dist-packages/flask/templating.py", line 147, in render_template, referer: https://www.devdootsena.org/
[Wed Jun 09 07:45:08.987163 2021] [wsgi:error] [pid 26866:tid 140669322499840] [client 162.158.165.67:61060]     return _render(, referer: https://www.devdootsena.org/
[Wed Jun 09 07:45:08.987167 2021] [wsgi:error] [pid 26866:tid 140669322499840] [client 162.158.165.67:61060]   File "/usr/local/lib/python3.8/dist-packages/flask/templating.py", line 128, in _render, referer: https://www.devdootsena.org/
[Wed Jun 09 07:45:08.987171 2021] [wsgi:error] [pid 26866:tid 140669322499840] [client 162.158.165.67:61060]     rv = template.render(context), referer: https://www.devdootsena.org/
[Wed Jun 09 07:45:08.987183 2021] [wsgi:error] [pid 26866:tid 140669322499840] [client 162.158.165.67:61060]   File "/usr/local/lib/python3.8/dist-packages/jinja2/environment.py", line 1304, in render, referer: https://www.devdootsena.org/
[Wed Jun 09 07:45:08.987187 2021] [wsgi:error] [pid 26866:tid 140669322499840] [client 162.158.165.67:61060]     self.environment.handle_exception(), referer: https://www.devdootsena.org/
[Wed Jun 09 07:45:08.987190 2021] [wsgi:error] [pid 26866:tid 140669322499840] [client 162.158.165.67:61060]   File "/usr/local/lib/python3.8/dist-packages/jinja2/environment.py", line 925, in handle_exception, referer: https://www.devdootsena.org/
[Wed Jun 09 07:45:08.987194 2021] [wsgi:error] [pid 26866:tid 140669322499840] [client 162.158.165.67:61060]     raise rewrite_traceback_stack(source=source), referer: https://www.devdootsena.org/
[Wed Jun 09 07:45:08.987197 2021] [wsgi:error] [pid 26866:tid 140669322499840] [client 162.158.165.67:61060]   File "/var/www/devdootsena.org/templates/my_raised_request.html", line 1, in top-level template code, referer: https://www.devdootsena.org/
[Wed Jun 09 07:45:08.987201 2021] [wsgi:error] [pid 26866:tid 140669322499840] [client 162.158.165.67:61060]     {% extends 'layout.html' %}, referer: https://www.devdootsena.org/
[Wed Jun 09 07:45:08.987204 2021] [wsgi:error] [pid 26866:tid 140669322499840] [client 162.158.165.67:61060]   File "/var/www/devdootsena.org/templates/layout.html", line 57, in top-level template code, referer: https://www.devdootsena.org/
[Wed Jun 09 07:45:08.987208 2021] [wsgi:error] [pid 26866:tid 140669322499840] [client 162.158.165.67:61060]     {% block body %}, referer: https://www.devdootsena.org/
[Wed Jun 09 07:45:08.987211 2021] [wsgi:error] [pid 26866:tid 140669322499840] [client 162.158.165.67:61060]   File "/var/www/devdootsena.org/templates/my_raised_request.html", line 25, in block 'body', referer: https://www.devdootsena.org/
[Wed Jun 09 07:45:08.987215 2021] [wsgi:error] [pid 26866:tid 140669322499840] [client 162.158.165.67:61060]     {% for issue in issues %}, referer: https://www.devdootsena.org/
[Wed Jun 09 07:45:08.987219 2021] [wsgi:error] [pid 26866:tid 140669322499840] [client 162.158.165.67:61060]   File "/usr/local/lib/python3.8/dist-packages/jinja2/runtime.py", line 468, in __init__, referer: https://www.devdootsena.org/
[Wed Jun 09 07:45:08.987222 2021] [wsgi:error] [pid 26866:tid 140669322499840] [client 162.158.165.67:61060]     self._iterator = self._to_iterator(iterable), referer: https://www.devdootsena.org/
[Wed Jun 09 07:45:08.987225 2021] [wsgi:error] [pid 26866:tid 140669322499840] [client 162.158.165.67:61060]   File "/usr/local/lib/python3.8/dist-packages/jinja2/runtime.py", line 476, in _to_iterator, referer: https://www.devdootsena.org/
[Wed Jun 09 07:45:08.987229 2021] [wsgi:error] [pid 26866:tid 140669322499840] [client 162.158.165.67:61060]     return iter(iterable), referer: https://www.devdootsena.org/
[Wed Jun 09 07:45:08.987232 2021] [wsgi:error] [pid 26866:tid 140669322499840] [client 162.158.165.67:61060] TypeError: 'NoneType' object is not iterable, referer: https://www.devdootsena.org/
[Wed Jun 09 07:45:14.785013 2021] [wsgi:error] [pid 26866:tid 140669221787392] [client 162.158.165.67:15180] <SecureCookieSession {'country_code': '+91', 'is_admin': False, 'logged_in': True, 'mob_num': '9517230887', 'user_id': '-MaxU3-oMivrmO9ZcYey', 'username': 'Divyanshu'}>
[Wed Jun 09 07:52:39.325240 2021] [wsgi:error] [pid 26866:tid 140669305714432] [client 103.28.33.96:34308] <SecureCookieSession {}>
[Wed Jun 09 07:59:35.748122 2021] [wsgi:error] [pid 26866:tid 140669263750912] [client 162.158.227.170:59196] <SecureCookieSession {'_flashes': [('success', 'You are now logged out')]}>
[Wed Jun 09 09:26:46.017478 2021] [wsgi:error] [pid 26866:tid 140669272143616] [client 172.70.34.145:13320] <SecureCookieSession {}>
[Wed Jun 09 09:32:22.211629 2021] [wsgi:error] [pid 26866:tid 140669330892544] [client 139.99.69.141:46146] <SecureCookieSession {}>
[Wed Jun 09 09:34:00.104744 2021] [wsgi:error] [pid 26866:tid 140669221787392] [client 139.99.69.141:46608] <SecureCookieSession {}>
[Wed Jun 09 10:52:06.401048 2021] [wsgi:error] [pid 26866:tid 140669314107136] [client 45.61.137.165:33456] <SecureCookieSession {}>
[Wed Jun 09 10:56:00.134765 2021] [wsgi:error] [pid 26866:tid 140669455881984] [client 45.61.137.165:52202] <SecureCookieSession {}>
[Wed Jun 09 11:32:23.652906 2021] [wsgi:error] [pid 26866:tid 140669356070656] [client 172.69.42.23:9118] <SecureCookieSession {}>
[Wed Jun 09 11:32:25.435818 2021] [wsgi:error] [pid 26866:tid 140669272143616] [client 141.101.99.200:60106] <SecureCookieSession {}>
[Wed Jun 09 11:32:25.529002 2021] [wsgi:error] [pid 26866:tid 140669205001984] [client 172.69.48.149:18810] <SecureCookieSession {}>
[Wed Jun 09 13:09:06.503571 2021] [wsgi:error] [pid 26866:tid 140669314107136] [client 98.247.95.152:44480] <SecureCookieSession {}>
[Wed Jun 09 13:23:15.504674 2021] [wsgi:error] [pid 26866:tid 140669297321728] [client 162.158.227.193:28158] <SecureCookieSession {}>
[Wed Jun 09 13:28:24.652510 2021] [wsgi:error] [pid 26866:tid 140669288929024] [client 45.61.137.165:34570] <SecureCookieSession {}>
[Wed Jun 09 13:39:59.660413 2021] [wsgi:error] [pid 26866:tid 140669347677952] [client 162.158.227.127:9180] <SecureCookieSession {}>
[Wed Jun 09 13:46:31.405076 2021] [wsgi:error] [pid 26866:tid 140669297321728] [client 172.70.95.135:15458] <SecureCookieSession {}>
[Wed Jun 09 13:57:48.399493 2021] [wsgi:error] [pid 26866:tid 140669288929024] [client 172.68.144.48:39400] <SecureCookieSession {}>
[Wed Jun 09 13:58:08.630550 2021] [wsgi:error] [pid 26866:tid 140669297321728] [client 172.68.144.48:20072] <SecureCookieSession {}>
[Wed Jun 09 14:40:00.900549 2021] [wsgi:error] [pid 26866:tid 140669347677952] [client 109.94.117.27:40912] <SecureCookieSession {}>
[Wed Jun 09 14:59:41.940074 2021] [wsgi:error] [pid 26866:tid 140669246965504] [client 45.148.10.50:36050] <SecureCookieSession {}>
[Wed Jun 09 15:01:25.357681 2021] [wsgi:error] [pid 26866:tid 140669255358208] [client 45.61.137.165:47302] <SecureCookieSession {}>
[Wed Jun 09 15:07:06.537247 2021] [wsgi:error] [pid 26866:tid 140669455881984] [client 186.33.77.77:35882] <SecureCookieSession {}>
[Wed Jun 09 15:15:09.950860 2021] [wsgi:error] [pid 26866:tid 140669339285248] [client 192.140.225.14:43733] <SecureCookieSession {}>
[Wed Jun 09 15:17:28.403124 2021] [wsgi:error] [pid 26866:tid 140669272143616] [client 45.148.10.50:57426] <SecureCookieSession {}>
[Wed Jun 09 15:33:06.414281 2021] [wsgi:error] [pid 26866:tid 140669196609280] [client 142.93.241.94:42233] <SecureCookieSession {}>
[Wed Jun 09 15:41:53.256812 2021] [wsgi:error] [pid 26866:tid 140669347677952] [client 45.148.10.50:51114] <SecureCookieSession {}>
[Wed Jun 09 16:04:11.142609 2021] [wsgi:error] [pid 26866:tid 140669272143616] [client 45.148.10.50:33684] <SecureCookieSession {}>
[Wed Jun 09 16:22:20.748707 2021] [wsgi:error] [pid 26866:tid 140669455881984] [client 114.134.188.184:32827] <SecureCookieSession {}>
[Wed Jun 09 16:54:11.324184 2021] [wsgi:error] [pid 26866:tid 140669263750912] [client 52.41.70.90:56208] <SecureCookieSession {}>
[Wed Jun 09 17:19:34.410774 2021] [wsgi:error] [pid 26866:tid 140669356070656] [client 45.61.137.165:39934] <SecureCookieSession {}>
[Wed Jun 09 17:37:24.624791 2021] [wsgi:error] [pid 26866:tid 140669196609280] [client 123.114.89.216:56460] <SecureCookieSession {}>
[Wed Jun 09 17:37:45.426500 2021] [wsgi:error] [pid 26866:tid 140669330892544] [client 45.61.137.165:57402] Received request requiring chunked transfer encoding, but optional support for chunked transfer encoding has not been enabled.: /var/www/devdootsena.org/app.wsgi
[Wed Jun 09 17:42:32.606630 2021] [wsgi:error] [pid 26866:tid 140669314107136] [client 185.254.229.4:60818] <SecureCookieSession {}>
[Wed Jun 09 21:58:44.901833 2021] [wsgi:error] [pid 26866:tid 140669314107136] [client 186.251.229.2:45334] <SecureCookieSession {}>
[Thu Jun 10 00:52:33.323729 2021] [wsgi:error] [pid 26866:tid 140669238572800] [client 62.231.170.209:50282] <SecureCookieSession {}>
[Thu Jun 10 01:55:36.899825 2021] [wsgi:error] [pid 26866:tid 140669288929024] [client 192.241.218.169:41136] <SecureCookieSession {}>
[Thu Jun 10 03:59:28.980439 2021] [wsgi:error] [pid 26866:tid 140669238572800] [client 45.148.10.50:54406] <SecureCookieSession {}>
[Thu Jun 10 04:20:09.831567 2021] [wsgi:error] [pid 26866:tid 140669314107136] [client 139.99.69.141:46744] <SecureCookieSession {}>
[Thu Jun 10 04:49:48.310404 2021] [wsgi:error] [pid 26866:tid 140669297321728] [client 167.248.133.40:40278] <SecureCookieSession {}>
[Thu Jun 10 04:49:48.713342 2021] [wsgi:error] [pid 26866:tid 140669288929024] [client 167.248.133.40:42762] <SecureCookieSession {}>
[Thu Jun 10 05:49:22.812353 2021] [wsgi:error] [pid 26866:tid 140669297321728] [client 165.16.37.131:37848] <SecureCookieSession {}>
[Thu Jun 10 07:28:11.509486 2021] [wsgi:error] [pid 26866:tid 140669280536320] [client 172.68.144.46:15608] <SecureCookieSession {}>
[Thu Jun 10 07:28:52.820333 2021] [wsgi:error] [pid 26866:tid 140669356070656] [client 172.68.144.46:43180] <SecureCookieSession {}>, referer: https://www.devdootsena.org/
[Thu Jun 10 07:29:34.644918 2021] [wsgi:error] [pid 26866:tid 140669339285248] [client 162.158.167.201:60036] <SecureCookieSession {}>
[Thu Jun 10 07:30:56.564866 2021] [wsgi:error] [pid 26866:tid 140669196609280] [client 162.158.165.129:16852] <SecureCookieSession {}>
[Thu Jun 10 09:04:23.286823 2021] [wsgi:error] [pid 26866:tid 140669455881984] [client 162.158.235.10:63674] <SecureCookieSession {}>
[Thu Jun 10 09:04:30.645631 2021] [wsgi:error] [pid 26866:tid 140669347677952] [client 172.70.122.151:34264] <SecureCookieSession {}>
[Thu Jun 10 09:04:34.607057 2021] [wsgi:error] [pid 26866:tid 140669305714432] [client 162.158.235.10:20770] <SecureCookieSession {}>, referer: https://www.devdootsena.org/
[Thu Jun 10 09:04:53.211944 2021] [wsgi:error] [pid 26866:tid 140669347677952] [client 162.158.235.9:61904] <SecureCookieSession {}>
[Thu Jun 10 09:09:51.085263 2021] [wsgi:error] [pid 26866:tid 140669347677952] [client 41.164.157.150:36460] <SecureCookieSession {}>
[Thu Jun 10 10:09:27.972380 2021] [wsgi:error] [pid 26866:tid 140669246965504] [client 125.165.111.164:27448] <SecureCookieSession {}>
[Thu Jun 10 10:17:06.751605 2021] [wsgi:error] [pid 26866:tid 140669196609280] [client 125.165.111.164:27609] <SecureCookieSession {}>
[Thu Jun 10 10:27:38.715990 2021] [wsgi:error] [pid 26866:tid 140669339285248] [client 125.165.111.164:18318] <SecureCookieSession {}>
[Thu Jun 10 10:27:40.309127 2021] [wsgi:error] [pid 26866:tid 140669188216576] [client 125.165.111.164:4439] <SecureCookieSession {}>
[Thu Jun 10 10:30:21.095063 2021] [wsgi:error] [pid 26866:tid 140669238572800] [client 162.158.227.171:63112] <SecureCookieSession {}>
[Thu Jun 10 10:30:46.811399 2021] [wsgi:error] [pid 26866:tid 140669272143616] [client 162.158.227.151:53222] <SecureCookieSession {}>, referer: https://www.devdootsena.org/volunteer_list
[Thu Jun 10 10:57:15.816670 2021] [wsgi:error] [pid 26866:tid 140669314107136] [client 182.1.3.204:60952] <SecureCookieSession {}>
[Thu Jun 10 10:57:36.397441 2021] [wsgi:error] [pid 26866:tid 140669196609280] [client 182.1.3.204:51948] <SecureCookieSession {}>, referer: http://giti.hoscloud.net/
[Thu Jun 10 10:57:49.605836 2021] [wsgi:error] [pid 26866:tid 140669305714432] [client 182.1.17.80:39933] <SecureCookieSession {}>, referer: http://vps.hoscloud.net/
[Thu Jun 10 11:02:36.857924 2021] [wsgi:error] [pid 26866:tid 140669280536320] [client 182.1.17.80:50581] mod_wsgi (pid=26866): Exception occurred processing WSGI script '/var/www/devdootsena.org/app.wsgi'., referer: http://giti.hoscloud.net/
[Thu Jun 10 11:02:36.858117 2021] [wsgi:error] [pid 26866:tid 140669280536320] [client 182.1.17.80:50581] OSError: Apache/mod_wsgi failed to write response data: The timeout specified has expired., referer: http://giti.hoscloud.net/
[Thu Jun 10 11:02:38.555481 2021] [wsgi:error] [pid 26866:tid 140669455881984] [client 182.1.0.156:29144] mod_wsgi (pid=26866): Exception occurred processing WSGI script '/var/www/devdootsena.org/app.wsgi'., referer: http://giti.hoscloud.net/
[Thu Jun 10 11:02:38.555666 2021] [wsgi:error] [pid 26866:tid 140669455881984] [client 182.1.0.156:29144] OSError: Apache/mod_wsgi failed to write response data: The timeout specified has expired., referer: http://giti.hoscloud.net/
[Thu Jun 10 11:02:38.556530 2021] [wsgi:error] [pid 26866:tid 140669372856064] [client 182.1.3.204:16421] mod_wsgi (pid=26866): Exception occurred processing WSGI script '/var/www/devdootsena.org/app.wsgi'., referer: http://giti.hoscloud.net/
[Thu Jun 10 11:02:38.556585 2021] [wsgi:error] [pid 26866:tid 140669372856064] [client 182.1.3.204:16421] OSError: Apache/mod_wsgi failed to write response data: The timeout specified has expired., referer: http://giti.hoscloud.net/
[Thu Jun 10 11:02:49.990566 2021] [wsgi:error] [pid 26866:tid 140669330892544] [client 182.1.0.156:15282] mod_wsgi (pid=26866): Exception occurred processing WSGI script '/var/www/devdootsena.org/app.wsgi'., referer: http://giti.hoscloud.net/
[Thu Jun 10 11:02:49.990737 2021] [wsgi:error] [pid 26866:tid 140669330892544] [client 182.1.0.156:15282] OSError: Apache/mod_wsgi failed to write response data: The timeout specified has expired., referer: http://giti.hoscloud.net/
[Thu Jun 10 11:34:35.192240 2021] [wsgi:error] [pid 26866:tid 140669297321728] [client 162.158.227.193:54326] <SecureCookieSession {}>
[Thu Jun 10 11:34:40.226543 2021] [wsgi:error] [pid 26866:tid 140669230180096] [client 162.158.227.193:59528] <SecureCookieSession {}>
[Thu Jun 10 12:46:50.252684 2021] [wsgi:error] [pid 26866:tid 140669205001984] [client 172.70.35.80:33272] <SecureCookieSession {}>
[Thu Jun 10 13:10:56.916926 2021] [wsgi:error] [pid 26866:tid 140669455881984] [client 186.225.63.82:51559] <SecureCookieSession {}>
[Thu Jun 10 14:58:22.172934 2021] [wsgi:error] [pid 26866:tid 140669188216576] [client 172.68.37.51:24878] <SecureCookieSession {}>, referer: http://www.google.com.hk
[Thu Jun 10 17:18:30.061632 2021] [wsgi:error] [pid 26866:tid 140669347677952] [client 184.105.247.194:50248] <SecureCookieSession {}>
[Thu Jun 10 17:20:53.707121 2021] [wsgi:error] [pid 26866:tid 140669314107136] [client 189.127.145.227:8660] <SecureCookieSession {}>
[Thu Jun 10 18:24:35.546609 2021] [wsgi:error] [pid 26866:tid 140669297321728] [client 45.56.106.52:53354] <SecureCookieSession {}>
[Thu Jun 10 19:00:51.880077 2021] [wsgi:error] [pid 26866:tid 140669356070656] [client 162.158.142.165:41278] <SecureCookieSession {}>, referer: http://baidu.com/
[Thu Jun 10 19:17:41.183430 2021] [wsgi:error] [pid 26866:tid 140669238572800] [client 209.145.57.145:443] <SecureCookieSession {}>
[Thu Jun 10 21:08:07.026831 2021] [wsgi:error] [pid 26866:tid 140669205001984] [client 106.75.64.59:48950] <SecureCookieSession {}>
[Thu Jun 10 21:08:07.475057 2021] [wsgi:error] [pid 26866:tid 140669305714432] [client 120.52.152.20:3291] <SecureCookieSession {}>
[Thu Jun 10 22:07:45.240329 2021] [wsgi:error] [pid 26866:tid 140669205001984] [client 143.198.36.90:15344] <SecureCookieSession {}>
[Fri Jun 11 00:07:51.142148 2021] [wsgi:error] [pid 26866:tid 140669372856064] [client 162.158.142.143:48718] <SecureCookieSession {}>, referer: http://www.devdootsena.org/
[Fri Jun 11 00:11:46.883437 2021] [wsgi:error] [pid 26866:tid 140669314107136] [client 45.155.126.222:43893] <SecureCookieSession {}>
[Fri Jun 11 00:36:20.516617 2021] [wsgi:error] [pid 26866:tid 140669213394688] [client 58.97.208.8:38539] <SecureCookieSession {}>
[Fri Jun 11 00:43:29.184802 2021] [wsgi:error] [pid 26866:tid 140669230180096] [client 202.58.204.11:58704] <SecureCookieSession {}>
[Fri Jun 11 01:56:57.093398 2021] [wsgi:error] [pid 26866:tid 140669221787392] [client 192.241.202.181:60334] <SecureCookieSession {}>
[Fri Jun 11 03:58:18.463988 2021] [wsgi:error] [pid 26866:tid 140669230180096] [client 45.148.10.50:38900] <SecureCookieSession {}>
[Fri Jun 11 04:41:21.024560 2021] [wsgi:error] [pid 26866:tid 140669372856064] [client 122.228.19.80:8580] <SecureCookieSession {}>
[Fri Jun 11 05:17:43.490834 2021] [wsgi:error] [pid 26866:tid 140669280536320] [client 20.90.208.104:59893] <SecureCookieSession {}>
[Fri Jun 11 05:27:23.981431 2021] [wsgi:error] [pid 26866:tid 140669372856064] [client 176.106.28.135:53498] <SecureCookieSession {}>
[Fri Jun 11 05:58:38.495183 2021] [wsgi:error] [pid 26866:tid 140669347677952] [client 186.33.112.169:47770] <SecureCookieSession {}>
[Fri Jun 11 06:02:50.425850 2021] [wsgi:error] [pid 26866:tid 140669314107136] [client 162.158.94.160:60860] <SecureCookieSession {}>
[Fri Jun 11 06:02:51.004407 2021] [wsgi:error] [pid 26866:tid 140669205001984] [client 162.158.88.103:9926] <SecureCookieSession {}>
[Fri Jun 11 06:19:29.081223 2021] [wsgi:error] [pid 26866:tid 140669339285248] [client 186.159.6.242:48100] <SecureCookieSession {}>
[Fri Jun 11 07:16:24.954683 2021] [wsgi:error] [pid 26866:tid 140669322499840] [client 77.237.15.69:34012] <SecureCookieSession {}>
[Fri Jun 11 08:02:06.595179 2021] [wsgi:error] [pid 26866:tid 140669213394688] [client 139.99.69.141:50658] <SecureCookieSession {}>
[Fri Jun 11 09:27:05.662058 2021] [wsgi:error] [pid 26866:tid 140669364463360] [client 45.148.10.50:49114] <SecureCookieSession {}>
[Fri Jun 11 09:38:33.326967 2021] [wsgi:error] [pid 26866:tid 140669179823872] [client 103.79.156.61:40473] <SecureCookieSession {}>
[Fri Jun 11 09:54:11.740529 2021] [wsgi:error] [pid 26866:tid 140669356070656] [client 74.82.47.3:40676] <SecureCookieSession {}>
[Fri Jun 11 10:54:04.025874 2021] [wsgi:error] [pid 26866:tid 140669230180096] [client 104.206.128.42:61314] <SecureCookieSession {}>
[Fri Jun 11 11:18:23.201440 2021] [wsgi:error] [pid 26866:tid 140669246965504] [client 84.241.33.230:19991] <SecureCookieSession {}>
[Fri Jun 11 11:35:41.373097 2021] [wsgi:error] [pid 26866:tid 140669455881984] [client 45.148.10.50:54544] <SecureCookieSession {}>
[Fri Jun 11 12:48:05.799760 2021] [wsgi:error] [pid 26866:tid 140669347677952] [client 141.101.105.137:40692] <SecureCookieSession {}>
